Archive member included to satisfy reference by file (symbol)

c:/nxp/s32ds.3.4/s32ds/build_tools/gcc_v10.2/gcc-10.2-arm32-eabi/bin/../lib/gcc/arm-none-eabi/10.2.0/../../../../arm-none-eabi/lib/thumb/v7e-m/nofp\libc.a(lib_a-exit.o)
                              c:/nxp/s32ds.3.4/s32ds/build_tools/gcc_v10.2/gcc-10.2-arm32-eabi/bin/../lib/gcc/arm-none-eabi/10.2.0/../../../../arm-none-eabi/lib/thumb/v7e-m/nofp/crt0.o (exit)
c:/nxp/s32ds.3.4/s32ds/build_tools/gcc_v10.2/gcc-10.2-arm32-eabi/bin/../lib/gcc/arm-none-eabi/10.2.0/../../../../arm-none-eabi/lib/thumb/v7e-m/nofp\libc.a(lib_a-impure.o)
                              c:/nxp/s32ds.3.4/s32ds/build_tools/gcc_v10.2/gcc-10.2-arm32-eabi/bin/../lib/gcc/arm-none-eabi/10.2.0/../../../../arm-none-eabi/lib/thumb/v7e-m/nofp\libc.a(lib_a-exit.o) (_global_impure_ptr)
c:/nxp/s32ds.3.4/s32ds/build_tools/gcc_v10.2/gcc-10.2-arm32-eabi/bin/../lib/gcc/arm-none-eabi/10.2.0/../../../../arm-none-eabi/lib/thumb/v7e-m/nofp\libc.a(lib_a-init.o)
                              c:/nxp/s32ds.3.4/s32ds/build_tools/gcc_v10.2/gcc-10.2-arm32-eabi/bin/../lib/gcc/arm-none-eabi/10.2.0/../../../../arm-none-eabi/lib/thumb/v7e-m/nofp/crt0.o (__libc_init_array)
c:/nxp/s32ds.3.4/s32ds/build_tools/gcc_v10.2/gcc-10.2-arm32-eabi/bin/../lib/gcc/arm-none-eabi/10.2.0/../../../../arm-none-eabi/lib/thumb/v7e-m/nofp\libc.a(lib_a-memcmp.o)
                              ./src/main.o (memcmp)
c:/nxp/s32ds.3.4/s32ds/build_tools/gcc_v10.2/gcc-10.2-arm32-eabi/bin/../lib/gcc/arm-none-eabi/10.2.0/../../../../arm-none-eabi/lib/thumb/v7e-m/nofp\libc.a(lib_a-memcpy-stub.o)
                              ./src/framework/host_crypto_helper/hse_host_import_key.o (memcpy)
c:/nxp/s32ds.3.4/s32ds/build_tools/gcc_v10.2/gcc-10.2-arm32-eabi/bin/../lib/gcc/arm-none-eabi/10.2.0/../../../../arm-none-eabi/lib/thumb/v7e-m/nofp\libc.a(lib_a-memset.o)
                              c:/nxp/s32ds.3.4/s32ds/build_tools/gcc_v10.2/gcc-10.2-arm32-eabi/bin/../lib/gcc/arm-none-eabi/10.2.0/../../../../arm-none-eabi/lib/thumb/v7e-m/nofp/crt0.o (memset)
c:/nxp/s32ds.3.4/s32ds/build_tools/gcc_v10.2/gcc-10.2-arm32-eabi/bin/../lib/gcc/arm-none-eabi/10.2.0/../../../../arm-none-eabi/lib/thumb/v7e-m/nofp\libc.a(lib_a-__call_atexit.o)
                              c:/nxp/s32ds.3.4/s32ds/build_tools/gcc_v10.2/gcc-10.2-arm32-eabi/bin/../lib/gcc/arm-none-eabi/10.2.0/../../../../arm-none-eabi/lib/thumb/v7e-m/nofp\libc.a(lib_a-exit.o) (__call_exitprocs)
c:/nxp/s32ds.3.4/s32ds/build_tools/gcc_v10.2/gcc-10.2-arm32-eabi/bin/../lib/gcc/arm-none-eabi/10.2.0/../../../../arm-none-eabi/lib/thumb/v7e-m/nofp\libc.a(lib_a-fini.o)
                              c:/nxp/s32ds.3.4/s32ds/build_tools/gcc_v10.2/gcc-10.2-arm32-eabi/bin/../lib/gcc/arm-none-eabi/10.2.0/../../../../arm-none-eabi/lib/thumb/v7e-m/nofp\libc.a(lib_a-__call_atexit.o) (__libc_fini_array)
c:/nxp/s32ds.3.4/s32ds/build_tools/gcc_v10.2/gcc-10.2-arm32-eabi/bin/../lib/gcc/arm-none-eabi/10.2.0/../../../../arm-none-eabi/lib/thumb/v7e-m/nofp\libc.a(lib_a-atexit.o)
                              c:/nxp/s32ds.3.4/s32ds/build_tools/gcc_v10.2/gcc-10.2-arm32-eabi/bin/../lib/gcc/arm-none-eabi/10.2.0/../../../../arm-none-eabi/lib/thumb/v7e-m/nofp\libc.a(lib_a-__call_atexit.o) (atexit)
c:/nxp/s32ds.3.4/s32ds/build_tools/gcc_v10.2/gcc-10.2-arm32-eabi/bin/../lib/gcc/arm-none-eabi/10.2.0/../../../../arm-none-eabi/lib/thumb/v7e-m/nofp\libc.a(lib_a-__atexit.o)
                              c:/nxp/s32ds.3.4/s32ds/build_tools/gcc_v10.2/gcc-10.2-arm32-eabi/bin/../lib/gcc/arm-none-eabi/10.2.0/../../../../arm-none-eabi/lib/thumb/v7e-m/nofp\libc.a(lib_a-atexit.o) (__register_exitproc)
c:/nxp/s32ds.3.4/s32ds/build_tools/gcc_v10.2/gcc-10.2-arm32-eabi/bin/../lib/gcc/arm-none-eabi/10.2.0/../../../../arm-none-eabi/lib/thumb/v7e-m/nofp\libnosys.a(_exit.o)
                              c:/nxp/s32ds.3.4/s32ds/build_tools/gcc_v10.2/gcc-10.2-arm32-eabi/bin/../lib/gcc/arm-none-eabi/10.2.0/../../../../arm-none-eabi/lib/thumb/v7e-m/nofp\libc.a(lib_a-exit.o) (_exit)

Discarded input sections

 .text          0x00000000        0x0 c:/nxp/s32ds.3.4/s32ds/build_tools/gcc_v10.2/gcc-10.2-arm32-eabi/bin/../lib/gcc/arm-none-eabi/10.2.0/thumb/v7e-m/nofp/crti.o
 .data          0x00000000        0x0 c:/nxp/s32ds.3.4/s32ds/build_tools/gcc_v10.2/gcc-10.2-arm32-eabi/bin/../lib/gcc/arm-none-eabi/10.2.0/thumb/v7e-m/nofp/crti.o
 .bss           0x00000000        0x0 c:/nxp/s32ds.3.4/s32ds/build_tools/gcc_v10.2/gcc-10.2-arm32-eabi/bin/../lib/gcc/arm-none-eabi/10.2.0/thumb/v7e-m/nofp/crti.o
 .data          0x00000000        0x4 c:/nxp/s32ds.3.4/s32ds/build_tools/gcc_v10.2/gcc-10.2-arm32-eabi/bin/../lib/gcc/arm-none-eabi/10.2.0/thumb/v7e-m/nofp/crtbegin.o
 .data          0x00000000        0x0 c:/nxp/s32ds.3.4/s32ds/build_tools/gcc_v10.2/gcc-10.2-arm32-eabi/bin/../lib/gcc/arm-none-eabi/10.2.0/../../../../arm-none-eabi/lib/thumb/v7e-m/nofp/crt0.o
[...]
Memory Configuration

Name             Origin             Length             Attributes
ITCM             0x00000000         0x00010000         xrw
PFLASH           0x00400000         0x003f4000         xr
DFLASH           0x10000000         0x00020000         xr
DTCM             0x20000000         0x00020000         rw
SRAM0_STDBY      0x20400000         0x00008000         rw
SRAM             0x20408000         0x00048000         rw
*default*        0x00000000         0xffffffff

Linker script and memory map

LOAD c:/nxp/s32ds.3.4/s32ds/build_tools/gcc_v10.2/gcc-10.2-arm32-eabi/bin/../lib/gcc/arm-none-eabi/10.2.0/thumb/v7e-m/nofp/crti.o
LOAD c:/nxp/s32ds.3.4/s32ds/build_tools/gcc_v10.2/gcc-10.2-arm32-eabi/bin/../lib/gcc/arm-none-eabi/10.2.0/thumb/v7e-m/nofp/crtbegin.o
LOAD c:/nxp/s32ds.3.4/s32ds/build_tools/gcc_v10.2/gcc-10.2-arm32-eabi/bin/../lib/gcc/arm-none-eabi/10.2.0/../../../../arm-none-eabi/lib/thumb/v7e-m/nofp/crt0.o
LOAD ./Project_Settings/Startup_Code/boot_header.o
LOAD ./Project_Settings/Startup_Code/startup_ARMCM7.o
LOAD ./Project_Settings/Startup_Code/system_ARMCM7.o
LOAD ./src/drivers/dcm_register/hse_dcm_register.o
LOAD ./src/drivers/flash/BlankCheck.o
LOAD ./src/drivers/flash/ClearAllErrorFlags.o
LOAD ./src/drivers/flash/ClearLock.o
LOAD ./src/drivers/flash/FlashErase.o
LOAD ./src/drivers/flash/FlashInit.o
LOAD ./src/drivers/flash/FlashProgram.o
LOAD ./src/drivers/flash/GetBaseAddressOfSector.o
LOAD ./src/drivers/flash/GetLock.o
LOAD ./src/drivers/flash/ProgramVerify.o
LOAD ./src/drivers/flash/SetLock.o
LOAD ./src/drivers/mu/hse_mu.o
LOAD ./src/drivers/nvic/nvic.o
LOAD ./src/drivers/stm/host_stm.o
LOAD ./src/framework/host_crypto_helper/hse_host_aead.o
LOAD ./src/framework/host_crypto_helper/hse_host_attrs.o
LOAD ./src/framework/host_crypto_helper/hse_host_authenc.o
LOAD ./src/framework/host_crypto_helper/hse_host_cipher.o
LOAD ./src/framework/host_crypto_helper/hse_host_ecc.o
LOAD ./src/framework/host_crypto_helper/hse_host_format_key_catalogs.o
LOAD ./src/framework/host_crypto_helper/hse_host_hash.o
LOAD ./src/framework/host_crypto_helper/hse_host_import_key.o
LOAD ./src/framework/host_crypto_helper/hse_host_kdf.o
LOAD ./src/framework/host_crypto_helper/hse_host_mac.o
LOAD ./src/framework/host_crypto_helper/hse_host_monotonic_counters.o
LOAD ./src/framework/host_crypto_helper/hse_host_rng.o
LOAD ./src/framework/host_crypto_helper/hse_host_rsa_cipher.o
LOAD ./src/framework/host_crypto_helper/hse_host_sign.o
LOAD ./src/framework/host_crypto_helper/hse_host_utils.o
LOAD ./src/framework/host_hse/hse_host.o
LOAD ./src/main.o
LOAD ./src/target/m7/src/sys_init.o
START GROUP
LOAD c:/nxp/s32ds.3.4/s32ds/build_tools/gcc_v10.2/gcc-10.2-arm32-eabi/bin/../lib/gcc/arm-none-eabi/10.2.0/thumb/v7e-m/nofp\libgcc.a
LOAD c:/nxp/s32ds.3.4/s32ds/build_tools/gcc_v10.2/gcc-10.2-arm32-eabi/bin/../lib/gcc/arm-none-eabi/10.2.0/../../../../arm-none-eabi/lib/thumb/v7e-m/nofp\libc.a
END GROUP
START GROUP
LOAD c:/nxp/s32ds.3.4/s32ds/build_tools/gcc_v10.2/gcc-10.2-arm32-eabi/bin/../lib/gcc/arm-none-eabi/10.2.0/thumb/v7e-m/nofp\libgcc.a
LOAD c:/nxp/s32ds.3.4/s32ds/build_tools/gcc_v10.2/gcc-10.2-arm32-eabi/bin/../lib/gcc/arm-none-eabi/10.2.0/../../../../arm-none-eabi/lib/thumb/v7e-m/nofp\libc.a
LOAD c:/nxp/s32ds.3.4/s32ds/build_tools/gcc_v10.2/gcc-10.2-arm32-eabi/bin/../lib/gcc/arm-none-eabi/10.2.0/../../../../arm-none-eabi/lib/thumb/v7e-m/nofp\libnosys.a
END GROUP
LOAD c:/nxp/s32ds.3.4/s32ds/build_tools/gcc_v10.2/gcc-10.2-arm32-eabi/bin/../lib/gcc/arm-none-eabi/10.2.0/thumb/v7e-m/nofp/crtend.o
LOAD c:/nxp/s32ds.3.4/s32ds/build_tools/gcc_v10.2/gcc-10.2-arm32-eabi/bin/../lib/gcc/arm-none-eabi/10.2.0/thumb/v7e-m/nofp/crtn.o
                0x00001000                __STACK_SIZE = 0x1000
                0x00001000                __HEAP_SIZE = 0x1000

.text           0x00400000     0x11fc
 *(.vectors)
 .vectors       0x00400000      0x3c0 ./Project_Settings/Startup_Code/startup_ARMCM7.o
                0x00400000                __Vectors
 *(.text*)
 .text          0x004003c0       0x88 c:/nxp/s32ds.3.4/s32ds/build_tools/gcc_v10.2/gcc-10.2-arm32-eabi/bin/../lib/gcc/arm-none-eabi/10.2.0/thumb/v7e-m/nofp/crtbegin.o
 .text          0x00400448       0x7c c:/nxp/s32ds.3.4/s32ds/build_tools/gcc_v10.2/gcc-10.2-arm32-eabi/bin/../lib/gcc/arm-none-eabi/10.2.0/../../../../arm-none-eabi/lib/thumb/v7e-m/nofp/crt0.o
                0x00400448                _stack_init
                0x00400450                _start
                0x00400450                _mainCRTStartup
 *fill*         0x004004c4        0x4 
 .text.Reset_Handler
                0x004004c8      0x108 ./Project_Settings/Startup_Code/startup_ARMCM7.o
                0x004004c8                Reset_Handler
 .text.Default_Handler
                0x004005d0        0x6 ./Project_Settings/Startup_Code/startup_ARMCM7.o
                0x004005d0                DMATCD7_Handler
                0x004005d0                FlexCAN3_0_Handler
                0x004005d0                FlexCAN1_1_Handler
                0x004005d0                LPUART14_Handler
                0x004005d0                FlexCAN0_0_Handler
                0x004005d0                DMATCD24_Handler
                0x004005d0                SIUL_2_Handler
                0x004005d0                ENET_1_Handler
                0x004005d0                PIT2_Handler
                0x004005d0                LPUART13_Handler
                0x004005d0                INT0_Handler
                0x004005d0                DMATCD11_Handler
                0x004005d0                SAI1_Handler
                0x004005d0                DMATCD21_Handler
                0x004005d0                LPCMP0_Handler
                0x004005d0                ENET_3_Handler
                0x004005d0                EMIOS2_5_Handler
                0x004005d0                LPI2C1_Handler
                0x004005d0                DMATCD15_Handler
                0x004005d0                QSPI_Handler
                0x004005d0                HSE_B_4_Handler
                0x004005d0                FlexCAN0_3_Handler
                0x004005d0                EMIOS0_5_Handler
                0x004005d0                CMU0_Handler
                0x004005d0                EMIOS2_4_Handler
                0x004005d0                DMATCD16_Handler
                0x004005d0                WKPU_Handler
                0x004005d0                SIUL_3_Handler
                0x004005d0                DMATCD19_Handler
                0x004005d0                LPUART4_Handler
                0x004005d0                LPUART5_Handler
                0x004005d0                LCU0_Handler
                0x004005d0                BCTU_Handler
                0x004005d0                HSE_B_1_Handler
                0x004005d0                DMATCD20_Handler
                0x004005d0                PIT1_Handler
                0x004005d0                FlexCAN2_1_Handler
                0x004005d0                FlexCAN3_1_Handler
                0x004005d0                ERM_0_Handler
                0x004005d0                EMIOS1_2_Handler
                0x004005d0                RTC_Handler
                0x004005d0                ADC1_Handler
                0x004005d0                DMATCD23_Handler
                0x004005d0                DMATCD26_Handler
                0x004005d0                EMIOS1_6_Handler
                0x004005d0                FLASH_1_Handler
                0x004005d0                LPUART9_Handler
                0x004005d0                HSE_B_3_Handler
                0x004005d0                LPSPI2_Handler
                0x004005d0                FCCU_0_Handler
                0x004005d0                DMATCD1_Handler
                0x004005d0                CMU1_Handler
                0x004005d0                DMATCD9_Handler
                0x004005d0                LPSPI3_Handler
                0x004005d0                HSE_B_2_Handler
                0x004005d0                LPUART8_Handler
                0x004005d0                DMATCD30_Handler
                0x004005d0                DMATCD8_Handler
                0x004005d0                DMATCD5_Handler
                0x004005d0                LPUART6_Handler
                0x004005d0                EMIOS0_2_Handler
                0x004005d0                DMATCD10_Handler
                0x004005d0                EMIOS1_7_Handler
                0x004005d0                EMIOS1_3_Handler
                0x004005d0                STM1_Handler
                0x004005d0                LPUART3_Handler
                0x004005d0                DMATCD0_Handler
                0x004005d0                FLEXIO_Handler
                0x004005d0                PIT0_Handler
                0x004005d0                DMATCD2_Handler
                0x004005d0                LPUART10_Handler
                0x004005d0                EMIOS0_3_Handler
                0x004005d0                Default_Handler
                0x004005d0                LPUART1_Handler
                0x004005d0                CMU2_Handler
                0x004005d0                INT2_Handler
                0x004005d0                EMIOS0_6_Handler
                0x004005d0                FlexCAN5_1_Handler
                0x004005d0                PMC_Handler
                0x004005d0                SWT1_Handler
                0x004005d0                FlexCAN4_0_Handler
                0x004005d0                ENET_2_Handler
                0x004005d0                LPUART15_Handler
                0x004005d0                DMATCD28_Handler
                0x004005d0                FCCU_1_Handler
                0x004005d0                EMIOS1_4_Handler
                0x004005d0                DMATCD4_Handler
                0x004005d0                DMATCD22_Handler
                0x004005d0                STM0_Handler
                0x004005d0                ADC0_Handler
                0x004005d0                DMATCD13_Handler
                0x004005d0                DMATCD12_Handler
                0x004005d0                HSE_B_0_Handler
                0x004005d0                EMIOS1_5_Handler
                0x004005d0                LCU1_Handler
                0x004005d0                FlexCAN4_1_Handler
                0x004005d0                INT1_Handler
                0x004005d0                FLASH_0_Handler
                0x004005d0                MCM_Handler
                0x004005d0                MU_A_2_Handler
                0x004005d0                SWT0_Handler
                0x004005d0                EMIOS0_4_Handler
                0x004005d0                LPCMP1_Handler
                0x004005d0                EMIOS2_6_Handler
                0x004005d0                LPUART0_Handler
                0x004005d0                LPUART12_Handler
                0x004005d0                FlexCAN0_1_Handler
                0x004005d0                DMATCD18_Handler
                0x004005d0                MU_A_0_Handler
                0x004005d0                MU_A_1_Handler
                0x004005d0                DMATCD31_Handler
                0x004005d0                SAI0_Handler
                0x004005d0                MU_B_2_Handler
                0x004005d0                SIUL_0_Handler
                0x004005d0                MU_B_0_Handler
                0x004005d0                JDC_Handler
                0x004005d0                DMATCD27_Handler
                0x004005d0                LPUART11_Handler
                0x004005d0                FlexCAN0_2_Handler
                0x004005d0                DMATCD14_Handler
                0x004005d0                HSE_B_5_Handler
                0x004005d0                EMIOS2_7_Handler
                0x004005d0                DMATCD6_Handler
                0x004005d0                DMATCD17_Handler
                0x004005d0                LPI2C0_Handler
                0x004005d0                LPUART2_Handler
                0x004005d0                ERM_1_Handler
                0x004005d0                LPUART7_Handler
                0x004005d0                FlexCAN2_0_Handler
                0x004005d0                DMATCD29_Handler
                0x004005d0                LPSPI5_Handler
                0x004005d0                EMIOS2_3_Handler
                0x004005d0                DMATCD25_Handler
                0x004005d0                LPSPI4_Handler
                0x004005d0                LPSPI0_Handler
                0x004005d0                FlexCAN1_0_Handler
                0x004005d0                MU_B_1_Handler
                0x004005d0                EMIOS2_2_Handler
                0x004005d0                INT3_Handler
                0x004005d0                RGM_Handler
                0x004005d0                FlexCAN2_2_Handler
                0x004005d0                FLASH_2_Handler
                0x004005d0                LPSPI1_Handler
                0x004005d0                FlexCAN5_0_Handler
                0x004005d0                ADC2_Handler
                0x004005d0                EMIOS0_7_Handler
                0x004005d0                ENET_0_Handler
                0x004005d0                FlexCAN1_2_Handler
                0x004005d0                LPCMP2_Handler
                0x004005d0                DMATCD3_Handler
                0x004005d0                SIUL_1_Handler
 *fill*         0x004005d6        0x2 
 .text.SystemInit
                0x004005d8       0x28 ./Project_Settings/Startup_Code/system_ARMCM7.o
                0x004005d8                SystemInit
 .text.HSE_MU_IsResponseReady
                0x00400600       0x40 ./src/drivers/mu/hse_mu.o
                0x00400600                HSE_MU_IsResponseReady
 .text.HSE_MU_GetHseStatus
                0x00400640       0x38 ./src/drivers/mu/hse_mu.o
                0x00400640                HSE_MU_GetHseStatus
 .text.HSE_MU_ReceiveResponse
                0x00400678       0x38 ./src/drivers/mu/hse_mu.o
                0x00400678                HSE_MU_ReceiveResponse
 .text.SetAttr  0x004006b0       0x7c ./src/framework/host_crypto_helper/hse_host_attrs.o
                0x004006b0                SetAttr
 .text.GetAttr  0x0040072c       0x7c ./src/framework/host_crypto_helper/hse_host_attrs.o
                0x0040072c                GetAttr
 .text.FormatKeyCatalogs
                0x004007a8       0x80 ./src/framework/host_crypto_helper/hse_host_format_key_catalogs.o
                0x004007a8                FormatKeyCatalogs
 .text.HSE_MU_ReceiveResponseBlocking
                0x00400828       0x80 ./src/framework/host_hse/hse_host.o
 .text.HSE_Send
                0x004008a8      0x158 ./src/framework/host_hse/hse_host.o
                0x004008a8                HSE_Send
 .text.main     0x00400a00      0x138 ./src/main.o
                0x00400a00                main
 .text.HSE_GetVersion_Example
                0x00400b38       0x2c ./src/main.o
                0x00400b38                HSE_GetVersion_Example
 .text.check_DebugPasswordProgrammed_Status
                0x00400b64       0x48 ./src/main.o
                0x00400b64                check_DebugPasswordProgrammed_Status
 .text.HSE_ReadDebugAuthMode
                0x00400bac       0x1e ./src/main.o
                0x00400bac                HSE_ReadDebugAuthMode
 *fill*         0x00400bca        0x2 
 .text.HSE_setDebugAuthMode
                0x00400bcc       0x30 ./src/main.o
                0x00400bcc                HSE_setDebugAuthMode
 .text.HSE_ProgramAdkp
                0x00400bfc       0x30 ./src/main.o
                0x00400bfc                HSE_ProgramAdkp
 .text.HSE_ReadAdkp
                0x00400c2c       0x1e ./src/main.o
                0x00400c2c                HSE_ReadAdkp
 *fill*         0x00400c4a        0x2 
 .text.HSE_HashRequestCallback
                0x00400c4c       0x48 ./src/main.o
 .text.HSE_HashDataNonBlocking
                0x00400c94       0xf0 ./src/main.o
                0x00400c94                HSE_HashDataNonBlocking
 .text.HSE_CalculateHASH
                0x00400d84       0x48 ./src/main.o
                0x00400d84                HSE_CalculateHASH
 .text.HSE_CompareAdkp
                0x00400dcc       0x2c ./src/main.o
                0x00400dcc                HSE_CompareAdkp
 .text.HSE_ReadLifecycle
                0x00400df8       0x1e ./src/main.o
                0x00400df8                HSE_ReadLifecycle
 *fill*         0x00400e16        0x2 
 .text.HSE_AdvanceLifecycle
                0x00400e18       0x34 ./src/main.o
                0x00400e18                HSE_AdvanceLifecycle
 .text.sys_enableAllInterrupts
                0x00400e4c        0xe ./src/target/m7/src/sys_init.o
                0x00400e4c                sys_enableAllInterrupts
 .text.sys_disableAllInterrupts
                0x00400e5a        0xe ./src/target/m7/src/sys_init.o
                0x00400e5a                sys_disableAllInterrupts
 .text.NMI_Handler
                0x00400e68        0x6 ./src/target/m7/src/sys_init.o
                0x00400e68                NMI_Handler
 .text.HardFault_Handler
                0x00400e6e        0x6 ./src/target/m7/src/sys_init.o
                0x00400e6e                HardFault_Handler
 .text.MemManage_Handler
                0x00400e74        0x6 ./src/target/m7/src/sys_init.o
                0x00400e74                MemManage_Handler
 .text.BusFault_Handler
                0x00400e7a        0x6 ./src/target/m7/src/sys_init.o
                0x00400e7a                BusFault_Handler
 .text.UsageFault_Handler
                0x00400e80        0x6 ./src/target/m7/src/sys_init.o
                0x00400e80                UsageFault_Handler
 .text.SVC_Handler
                0x00400e86        0x6 ./src/target/m7/src/sys_init.o
                0x00400e86                SVC_Handler
 .text.DebugMon_Handler
                0x00400e8c        0x6 ./src/target/m7/src/sys_init.o
                0x00400e8c                DebugMon_Handler
 .text.PendSV_Handler
                0x00400e92        0x6 ./src/target/m7/src/sys_init.o
                0x00400e92                PendSV_Handler
 .text.SysTick_Handler
                0x00400e98        0x6 ./src/target/m7/src/sys_init.o
                0x00400e98                SysTick_Handler
 *fill*         0x00400e9e        0x2 
 .text.exit     0x00400ea0       0x20 c:/nxp/s32ds.3.4/s32ds/build_tools/gcc_v10.2/gcc-10.2-arm32-eabi/bin/../lib/gcc/arm-none-eabi/10.2.0/../../../../arm-none-eabi/lib/thumb/v7e-m/nofp\libc.a(lib_a-exit.o)
                0x00400ea0                exit
 .text.__libc_init_array
                0x00400ec0       0x48 c:/nxp/s32ds.3.4/s32ds/build_tools/gcc_v10.2/gcc-10.2-arm32-eabi/bin/../lib/gcc/arm-none-eabi/10.2.0/../../../../arm-none-eabi/lib/thumb/v7e-m/nofp\libc.a(lib_a-init.o)
                0x00400ec0                __libc_init_array
 .text.memcmp   0x00400f08       0x20 c:/nxp/s32ds.3.4/s32ds/build_tools/gcc_v10.2/gcc-10.2-arm32-eabi/bin/../lib/gcc/arm-none-eabi/10.2.0/../../../../arm-none-eabi/lib/thumb/v7e-m/nofp\libc.a(lib_a-memcmp.o)
                0x00400f08                memcmp
 .text.memset   0x00400f28       0x10 c:/nxp/s32ds.3.4/s32ds/build_tools/gcc_v10.2/gcc-10.2-arm32-eabi/bin/../lib/gcc/arm-none-eabi/10.2.0/../../../../arm-none-eabi/lib/thumb/v7e-m/nofp\libc.a(lib_a-memset.o)
                0x00400f28                memset
 .text.startup.register_fini
                0x00400f38       0x14 c:/nxp/s32ds.3.4/s32ds/build_tools/gcc_v10.2/gcc-10.2-arm32-eabi/bin/../lib/gcc/arm-none-eabi/10.2.0/../../../../arm-none-eabi/lib/thumb/v7e-m/nofp\libc.a(lib_a-__call_atexit.o)
 .text.__call_exitprocs
                0x00400f4c       0xa4 c:/nxp/s32ds.3.4/s32ds/build_tools/gcc_v10.2/gcc-10.2-arm32-eabi/bin/../lib/gcc/arm-none-eabi/10.2.0/../../../../arm-none-eabi/lib/thumb/v7e-m/nofp\libc.a(lib_a-__call_atexit.o)
                0x00400f4c                __call_exitprocs
 .text.__libc_fini_array
                0x00400ff0       0x28 c:/nxp/s32ds.3.4/s32ds/build_tools/gcc_v10.2/gcc-10.2-arm32-eabi/bin/../lib/gcc/arm-none-eabi/10.2.0/../../../../arm-none-eabi/lib/thumb/v7e-m/nofp\libc.a(lib_a-fini.o)
                0x00400ff0                __libc_fini_array
 .text.atexit   0x00401018        0xc c:/nxp/s32ds.3.4/s32ds/build_tools/gcc_v10.2/gcc-10.2-arm32-eabi/bin/../lib/gcc/arm-none-eabi/10.2.0/../../../../arm-none-eabi/lib/thumb/v7e-m/nofp\libc.a(lib_a-atexit.o)
                0x00401018                atexit
 .text.__register_exitproc
                0x00401024       0x64 c:/nxp/s32ds.3.4/s32ds/build_tools/gcc_v10.2/gcc-10.2-arm32-eabi/bin/../lib/gcc/arm-none-eabi/10.2.0/../../../../arm-none-eabi/lib/thumb/v7e-m/nofp\libc.a(lib_a-__atexit.o)
                0x00401024                __register_exitproc
 .text._exit    0x00401088        0x2 c:/nxp/s32ds.3.4/s32ds/build_tools/gcc_v10.2/gcc-10.2-arm32-eabi/bin/../lib/gcc/arm-none-eabi/10.2.0/../../../../arm-none-eabi/lib/thumb/v7e-m/nofp\libnosys.a(_exit.o)
                0x00401088                _exit
 *(.init)
 *fill*         0x0040108a        0x2 
 .init          0x0040108c        0x4 c:/nxp/s32ds.3.4/s32ds/build_tools/gcc_v10.2/gcc-10.2-arm32-eabi/bin/../lib/gcc/arm-none-eabi/10.2.0/thumb/v7e-m/nofp/crti.o
                0x0040108c                _init
 .init          0x00401090        0x8 c:/nxp/s32ds.3.4/s32ds/build_tools/gcc_v10.2/gcc-10.2-arm32-eabi/bin/../lib/gcc/arm-none-eabi/10.2.0/thumb/v7e-m/nofp/crtn.o
 *(.fini)
 .fini          0x00401098        0x4 c:/nxp/s32ds.3.4/s32ds/build_tools/gcc_v10.2/gcc-10.2-arm32-eabi/bin/../lib/gcc/arm-none-eabi/10.2.0/thumb/v7e-m/nofp/crti.o
                0x00401098                _fini
 .fini          0x0040109c        0x8 c:/nxp/s32ds.3.4/s32ds/build_tools/gcc_v10.2/gcc-10.2-arm32-eabi/bin/../lib/gcc/arm-none-eabi/10.2.0/thumb/v7e-m/nofp/crtn.o
 *crtbegin.o(.ctors)
 *crtbegin?.o(.ctors)
 *(EXCLUDE_FILE(*crtend.o *crtend?.o) .ctors)
 *(SORT_BY_NAME(.ctors.*))
 *(.ctors)
 *crtbegin.o(.dtors)
 *crtbegin?.o(.dtors)
 *(EXCLUDE_FILE(*crtend.o *crtend?.o) .dtors)
 *(SORT_BY_NAME(.dtors.*))
 *(.dtors)
 *(.rodata*)
 .rodata.lc_config
                0x004010a4        0x4 ./Project_Settings/Startup_Code/boot_header.o
                0x004010a4                lc_config
 .rodata.xrdc_config
                0x004010a8      0x110 ./Project_Settings/Startup_Code/boot_header.o
                0x004010a8                xrdc_config
 .rodata.u32BaseAddr
                0x004011b8        0x8 ./src/drivers/mu/hse_mu.o
                0x004011b8                u32BaseAddr
 .rodata.gHseSrvDesc
                0x004011c0        0x8 ./src/framework/host_hse/hse_host.o
                0x004011c0                gHseSrvDesc
 .rodata.gSyncTxOption
                0x004011c8        0xc ./src/framework/host_hse/hse_host.o
                0x004011c8                gSyncTxOption
 .rodata.NVMcatalog
                0x004011d4       0x10 ./src/main.o
                0x004011d4                NVMcatalog
 .rodata.RAMcatalog
                0x004011e4       0x10 ./src/main.o
                0x004011e4                RAMcatalog
 .rodata._global_impure_ptr
                0x004011f4        0x4 c:/nxp/s32ds.3.4/s32ds/build_tools/gcc_v10.2/gcc-10.2-arm32-eabi/bin/../lib/gcc/arm-none-eabi/10.2.0/../../../../arm-none-eabi/lib/thumb/v7e-m/nofp\libc.a(lib_a-impure.o)
                0x004011f4                _global_impure_ptr
 *(.eh_frame*)
 .eh_frame      0x004011f8        0x0 c:/nxp/s32ds.3.4/s32ds/build_tools/gcc_v10.2/gcc-10.2-arm32-eabi/bin/../lib/gcc/arm-none-eabi/10.2.0/thumb/v7e-m/nofp/crtbegin.o
 .eh_frame      0x004011f8        0x4 c:/nxp/s32ds.3.4/s32ds/build_tools/gcc_v10.2/gcc-10.2-arm32-eabi/bin/../lib/gcc/arm-none-eabi/10.2.0/thumb/v7e-m/nofp/crtend.o

.glue_7         0x004011fc        0x0
 .glue_7        0x004011fc        0x0 linker stubs

.glue_7t        0x004011fc        0x0
 .glue_7t       0x004011fc        0x0 linker stubs

.vfp11_veneer   0x004011fc        0x0
 .vfp11_veneer  0x004011fc        0x0 linker stubs

.v4_bx          0x004011fc        0x0
 .v4_bx         0x004011fc        0x0 linker stubs

.iplt           0x004011fc        0x0
 .iplt          0x004011fc        0x0 c:/nxp/s32ds.3.4/s32ds/build_tools/gcc_v10.2/gcc-10.2-arm32-eabi/bin/../lib/gcc/arm-none-eabi/10.2.0/thumb/v7e-m/nofp/crtbegin.o

.ARM.extab
 *(.ARM.extab* .gnu.linkonce.armextab.*)
                0x004011fc                __exidx_start = .

.ARM.exidx      0x004011fc        0x8
 *(.ARM.exidx* .gnu.linkonce.armexidx.*)
 .ARM.exidx     0x004011fc        0x8 c:/nxp/s32ds.3.4/s32ds/build_tools/gcc_v10.2/gcc-10.2-arm32-eabi/bin/../lib/gcc/arm-none-eabi/10.2.0/../../../../arm-none-eabi/lib/thumb/v7e-m/nofp/crt0.o
                                 0x10 (size before relaxing)
                0x00401204                __exidx_end = .

.ecc.table      0x00401204       0x60
                0x00401204                . = ALIGN (0x4)
                0x00401204                __ecc_table_start__ = .
                0x00401204        0x8 QUAD 0x20408000 __data_start__
                0x0040120c        0x8 QUAD 0x89 ((__data_end__ - __data_start__) / 0x8)
                0x00401214        0x8 QUAD 0x20408448 __bss_start__
                0x0040121c        0x8 QUAD 0x8b ((__bss_end__ - __bss_start__) / 0x8)
                0x00401224        0x8 QUAD 0x204088a0 __HeapTop
                0x0040122c        0x8 QUAD 0x200 ((__HeapLimit - __HeapTop) / 0x8)
                0x00401234        0x8 QUAD 0x2044f000 __StackLimit
                0x0040123c        0x8 QUAD 0x200 ((__StackTop - __StackLimit) / 0x8)
                0x00401244        0x8 QUAD 0x0 ORIGIN (ITCM)
                0x0040124c        0x8 QUAD 0x2000 (LENGTH (ITCM) / 0x8)
                0x00401254        0x8 QUAD 0x20000000 ORIGIN (DTCM)
                0x0040125c        0x8 QUAD 0x4000 (LENGTH (DTCM) / 0x8)
                0x00401264                __ecc_table_end__ = .

.copy.table     0x00401264        0xc
                0x00401264                . = ALIGN (0x4)
                0x00401264                __copy_table_start__ = .
                0x00401264        0x4 LONG 0x401270 __etext
                0x00401268        0x4 LONG 0x20408000 __data_start__
                0x0040126c        0x4 LONG 0x112 ((__data_end__ - __data_start__) / 0x4)
                0x00401270                __copy_table_end__ = .

.zero.table     0x00401270        0x0
                0x00401270                . = ALIGN (0x4)
                0x00401270                __zero_table_start__ = .
                0x00401270                __zero_table_end__ = .
                0x00401270                __etext = ALIGN (0x8)

.boot_header    0x10000000      0x100
 *(.boot_header)
 .boot_header   0x10000000      0x100 ./Project_Settings/Startup_Code/boot_header.o
                0x10000000                boot_header

.rel.dyn        0x10000100        0x0
 .rel.iplt      0x10000100        0x0 c:/nxp/s32ds.3.4/s32ds/build_tools/gcc_v10.2/gcc-10.2-arm32-eabi/bin/../lib/gcc/arm-none-eabi/10.2.0/thumb/v7e-m/nofp/crtbegin.o

.standby_ram
 *(.standby_ram)

.data           0x20408000      0x448 load address 0x00401270
                0x20408000                . = ALIGN (0x8)
                0x20408000                __data_start__ = .
 *(vtable)
 *(.data)
 *(.data.*)
 .data.SystemCoreClock
                0x20408000        0x4 ./Project_Settings/Startup_Code/system_ARMCM7.o
                0x20408000                SystemCoreClock
 .data.muChannelIdx
                0x20408004        0x1 ./src/framework/host_crypto_helper/hse_host_format_key_catalogs.o
 *fill*         0x20408005        0x3 
 .data.length_adkphash
                0x20408008        0x4 ./src/main.o
                0x20408008                length_adkphash
 .data.applicationDebugKeyPassword
                0x2040800c       0x10 ./src/main.o
                0x2040800c                applicationDebugKeyPassword
 .data.gHseCurrentLC
                0x2040801c        0x1 ./src/main.o
                0x2040801c                gHseCurrentLC
 *fill*         0x2040801d        0x3 
 .data.impure_data
                0x20408020      0x418 c:/nxp/s32ds.3.4/s32ds/build_tools/gcc_v10.2/gcc-10.2-arm32-eabi/bin/../lib/gcc/arm-none-eabi/10.2.0/../../../../arm-none-eabi/lib/thumb/v7e-m/nofp\libc.a(lib_a-impure.o)
                0x20408438                . = ALIGN (0x4)
                0x20408438                PROVIDE (__preinit_array_start = .)
 *(.preinit_array)
                0x20408438                PROVIDE (__preinit_array_end = .)
                0x20408438                . = ALIGN (0x4)
                0x20408438                PROVIDE (__init_array_start = .)
 *(SORT_BY_NAME(.init_array.*))
 .init_array.00000
                0x20408438        0x4 c:/nxp/s32ds.3.4/s32ds/build_tools/gcc_v10.2/gcc-10.2-arm32-eabi/bin/../lib/gcc/arm-none-eabi/10.2.0/../../../../arm-none-eabi/lib/thumb/v7e-m/nofp\libc.a(lib_a-__call_atexit.o)
 *(.init_array)
 .init_array    0x2040843c        0x4 c:/nxp/s32ds.3.4/s32ds/build_tools/gcc_v10.2/gcc-10.2-arm32-eabi/bin/../lib/gcc/arm-none-eabi/10.2.0/thumb/v7e-m/nofp/crtbegin.o
                0x20408440                PROVIDE (__init_array_end = .)
                0x20408440                . = ALIGN (0x4)
                0x20408440                PROVIDE (__fini_array_start = .)
 *(SORT_BY_NAME(.fini_array.*))
 *(.fini_array)
 .fini_array    0x20408440        0x4 c:/nxp/s32ds.3.4/s32ds/build_tools/gcc_v10.2/gcc-10.2-arm32-eabi/bin/../lib/gcc/arm-none-eabi/10.2.0/thumb/v7e-m/nofp/crtbegin.o
                0x20408444                PROVIDE (__fini_array_end = .)
 *(.jcr*)
                0x20408448                . = ALIGN (0x8)
 *fill*         0x20408444        0x4 
                0x20408448                __data_end__ = .

.tm_clone_table
                0x20408448        0x0 load address 0x004016b8
 .tm_clone_table
                0x20408448        0x0 c:/nxp/s32ds.3.4/s32ds/build_tools/gcc_v10.2/gcc-10.2-arm32-eabi/bin/../lib/gcc/arm-none-eabi/10.2.0/thumb/v7e-m/nofp/crtbegin.o
 .tm_clone_table
                0x20408448        0x0 c:/nxp/s32ds.3.4/s32ds/build_tools/gcc_v10.2/gcc-10.2-arm32-eabi/bin/../lib/gcc/arm-none-eabi/10.2.0/thumb/v7e-m/nofp/crtend.o

.igot.plt       0x20408448        0x0 load address 0x004016b8
 .igot.plt      0x20408448        0x0 c:/nxp/s32ds.3.4/s32ds/build_tools/gcc_v10.2/gcc-10.2-arm32-eabi/bin/../lib/gcc/arm-none-eabi/10.2.0/thumb/v7e-m/nofp/crtbegin.o

.bss            0x20408448      0x458 load address 0x004016b8
                0x20408448                . = ALIGN (0x8)
                0x20408448                __bss_start__ = .
 *(.bss)
 .bss           0x20408448       0x1c c:/nxp/s32ds.3.4/s32ds/build_tools/gcc_v10.2/gcc-10.2-arm32-eabi/bin/../lib/gcc/arm-none-eabi/10.2.0/thumb/v7e-m/nofp/crtbegin.o
 *(.bss.*)
 .bss.muRxEnabledInterruptMask
                0x20408464        0x8 ./src/drivers/mu/hse_mu.o
                0x20408464                muRxEnabledInterruptMask
 .bss.muIf      0x2040846c        0x1 ./src/framework/host_crypto_helper/hse_host_format_key_catalogs.o
 *fill*         0x2040846d        0x3 
 .bss.hseCallbackInfo
                0x20408470       0x60 ./src/framework/host_hse/hse_host.o
 .bss.hseBusyChannel
                0x204084d0        0x8 ./src/framework/host_hse/hse_host.o
 .bss.hseSrvDescMu0
                0x204084d8      0x1b0 ./src/framework/host_hse/hse_host.o
 .bss.hseSrvDescMu1
                0x20408688      0x1b0 ./src/framework/host_hse/hse_host.o
 .bss.gHseFwVersion
                0x20408838        0x8 ./src/main.o
                0x20408838                gHseFwVersion
 .bss.gAdkpKeyTest
                0x20408840        0x1 ./src/main.o
                0x20408840                gAdkpKeyTest
 *fill*         0x20408841        0x3 
 .bss.programmed_appdebugkey
                0x20408844       0x10 ./src/main.o
                0x20408844                programmed_appdebugkey
 .bss.adkp_hash
                0x20408854       0x10 ./src/main.o
                0x20408854                adkp_hash
 .bss.numberOfResponses
                0x20408864        0x4 ./src/main.o
 .bss.callbackParams
                0x20408868       0x10 ./src/main.o
                0x20408868                callbackParams
 .bss.asyncResponses
                0x20408878       0x20 ./src/main.o
                0x20408878                asyncResponses
 .bss.gDebugAuthMode
                0x20408898        0x1 ./src/main.o
                0x20408898                gDebugAuthMode
 .bss.DynamicAuth
                0x20408899        0x1 ./src/main.o
                0x20408899                DynamicAuth
 *fill*         0x2040889a        0x2 
 .bss.gSrvResp  0x2040889c        0x4 ./src/main.o
                0x2040889c                gSrvResp
 *(COMMON)
                0x204088a0                . = ALIGN (0x8)
                0x204088a0                __bss_end__ = .

.heap           0x204088a0     0x1000
                0x204088a0                . = ALIGN (0x8)
                0x204088a0                __HeapTop = .
                0x204088a0                __end__ = .
                0x204088a0                _end = .
                [!provide]                PROVIDE (end = .)
                0x204098a0                . = (. + __HEAP_SIZE)
 *fill*         0x204088a0     0x1000 
                0x204098a0                . = ALIGN (0x8)
                0x204098a0                __HeapLimit = .

.stack          0x2044f000     0x1000
                0x2044f000                . = ALIGN (0x8)
                0x2044f000                __StackLimit = .
                0x20450000                . = (. + __STACK_SIZE)
 *fill*         0x2044f000     0x1000 
                0x20450000                . = ALIGN (0x8)
                0x20450000                __StackTop = .
                0x20450000                PROVIDE (__stack = __StackTop)
                0x00000001                ASSERT ((__StackLimit >= __HeapLimit), region RAM overflowed with stack)
                0x00400000                CM7_START_ADDRESS = ORIGIN (PFLASH)
                0x20400000                __STDBYRAM_START = ORIGIN (SRAM0_STDBY)
                0x00008000                __STDBYRAM_SIZE = LENGTH (SRAM0_STDBY)
OUTPUT(S32K344_CQC_DEMO.elf elf32-littlearm)
LOAD linker stubs

.ARM.attributes
                0x00000000       0x2a
 .ARM.attributes
                0x00000000       0x1e c:/nxp/s32ds.3.4/s32ds/build_tools/gcc_v10.2/gcc-10.2-arm32-eabi/bin/../lib/gcc/arm-none-eabi/10.2.0/thumb/v7e-m/nofp/crti.o
 .ARM.attributes
                0x0000001e       0x2e c:/nxp/s32ds.3.4/s32ds/build_tools/gcc_v10.2/gcc-10.2-arm32-eabi/bin/../lib/gcc/arm-none-eabi/10.2.0/thumb/v7e-m/nofp/crtbegin.o
 .ARM.attributes
                0x0000004c       0x1c c:/nxp/s32ds.3.4/s32ds/build_tools/gcc_v10.2/gcc-10.2-arm32-eabi/bin/../lib/gcc/arm-none-eabi/10.2.0/../../../../arm-none-eabi/lib/thumb/v7e-m/nofp/crt0.o
 .ARM.attributes
                0x00000068       0x33 ./Project_Settings/Startup_Code/boot_header.o
 .ARM.attributes
                0x0000009b       0x2e ./Project_Settings/Startup_Code/startup_ARMCM7.o
 .ARM.attributes
                0x000000c9       0x2e ./Project_Settings/Startup_Code/system_ARMCM7.o
 .ARM.attributes
                0x000000f7       0x2e ./src/drivers/mu/hse_mu.o
 .ARM.attributes
                0x00000125       0x2e ./src/framework/host_crypto_helper/hse_host_attrs.o
 .ARM.attributes
                0x00000153       0x2e ./src/framework/host_crypto_helper/hse_host_format_key_catalogs.o
 .ARM.attributes
                0x00000181       0x2e ./src/framework/host_hse/hse_host.o
 .ARM.attributes
                0x000001af       0x2e ./src/main.o
 .ARM.attributes
                0x000001dd       0x2e ./src/target/m7/src/sys_init.o
 .ARM.attributes
                0x0000020b       0x2e c:/nxp/s32ds.3.4/s32ds/build_tools/gcc_v10.2/gcc-10.2-arm32-eabi/bin/../lib/gcc/arm-none-eabi/10.2.0/../../../../arm-none-eabi/lib/thumb/v7e-m/nofp\libc.a(lib_a-exit.o)
 .ARM.attributes
                0x00000239       0x2e c:/nxp/s32ds.3.4/s32ds/build_tools/gcc_v10.2/gcc-10.2-arm32-eabi/bin/../lib/gcc/arm-none-eabi/10.2.0/../../../../arm-none-eabi/lib/thumb/v7e-m/nofp\libc.a(lib_a-impure.o)
 .ARM.attributes
                0x00000267       0x2e c:/nxp/s32ds.3.4/s32ds/build_tools/gcc_v10.2/gcc-10.2-arm32-eabi/bin/../lib/gcc/arm-none-eabi/10.2.0/../../../../arm-none-eabi/lib/thumb/v7e-m/nofp\libc.a(lib_a-init.o)
 .ARM.attributes
                0x00000295       0x2e c:/nxp/s32ds.3.4/s32ds/build_tools/gcc_v10.2/gcc-10.2-arm32-eabi/bin/../lib/gcc/arm-none-eabi/10.2.0/../../../../arm-none-eabi/lib/thumb/v7e-m/nofp\libc.a(lib_a-memcmp.o)
 .ARM.attributes
                0x000002c3       0x2e c:/nxp/s32ds.3.4/s32ds/build_tools/gcc_v10.2/gcc-10.2-arm32-eabi/bin/../lib/gcc/arm-none-eabi/10.2.0/../../../../arm-none-eabi/lib/thumb/v7e-m/nofp\libc.a(lib_a-memset.o)
 .ARM.attributes
                0x000002f1       0x2e c:/nxp/s32ds.3.4/s32ds/build_tools/gcc_v10.2/gcc-10.2-arm32-eabi/bin/../lib/gcc/arm-none-eabi/10.2.0/../../../../arm-none-eabi/lib/thumb/v7e-m/nofp\libc.a(lib_a-__call_atexit.o)
 .ARM.attributes
                0x0000031f       0x2e c:/nxp/s32ds.3.4/s32ds/build_tools/gcc_v10.2/gcc-10.2-arm32-eabi/bin/../lib/gcc/arm-none-eabi/10.2.0/../../../../arm-none-eabi/lib/thumb/v7e-m/nofp\libc.a(lib_a-fini.o)
 .ARM.attributes
                0x0000034d       0x2e c:/nxp/s32ds.3.4/s32ds/build_tools/gcc_v10.2/gcc-10.2-arm32-eabi/bin/../lib/gcc/arm-none-eabi/10.2.0/../../../../arm-none-eabi/lib/thumb/v7e-m/nofp\libc.a(lib_a-atexit.o)
 .ARM.attributes
                0x0000037b       0x2e c:/nxp/s32ds.3.4/s32ds/build_tools/gcc_v10.2/gcc-10.2-arm32-eabi/bin/../lib/gcc/arm-none-eabi/10.2.0/../../../../arm-none-eabi/lib/thumb/v7e-m/nofp\libc.a(lib_a-__atexit.o)
 .ARM.attributes
                0x000003a9       0x2e c:/nxp/s32ds.3.4/s32ds/build_tools/gcc_v10.2/gcc-10.2-arm32-eabi/bin/../lib/gcc/arm-none-eabi/10.2.0/../../../../arm-none-eabi/lib/thumb/v7e-m/nofp\libnosys.a(_exit.o)
 .ARM.attributes
                0x000003d7       0x2e c:/nxp/s32ds.3.4/s32ds/build_tools/gcc_v10.2/gcc-10.2-arm32-eabi/bin/../lib/gcc/arm-none-eabi/10.2.0/thumb/v7e-m/nofp/crtend.o
 .ARM.attributes
                0x00000405       0x1e c:/nxp/s32ds.3.4/s32ds/build_tools/gcc_v10.2/gcc-10.2-arm32-eabi/bin/../lib/gcc/arm-none-eabi/10.2.0/thumb/v7e-m/nofp/crtn.o

.comment        0x00000000       0x88
 .comment       0x00000000       0x88 c:/nxp/s32ds.3.4/s32ds/build_tools/gcc_v10.2/gcc-10.2-arm32-eabi/bin/../lib/gcc/arm-none-eabi/10.2.0/thumb/v7e-m/nofp/crtbegin.o
                                 0x89 (size before relaxing)
 .comment       0x00000088       0x89 ./Project_Settings/Startup_Code/boot_header.o
 .comment       0x00000088       0x89 ./Project_Settings/Startup_Code/startup_ARMCM7.o
 .comment       0x00000088       0x89 ./Project_Settings/Startup_Code/system_ARMCM7.o
 .comment       0x00000088       0x89 ./src/drivers/mu/hse_mu.o
 .comment       0x00000088       0x89 ./src/framework/host_crypto_helper/hse_host_attrs.o
 .comment       0x00000088       0x89 ./src/framework/host_crypto_helper/hse_host_format_key_catalogs.o
 .comment       0x00000088       0x89 ./src/framework/host_hse/hse_host.o
 .comment       0x00000088       0x89 ./src/main.o
 .comment       0x00000088       0x89 ./src/target/m7/src/sys_init.o
 .comment       0x00000088       0x89 c:/nxp/s32ds.3.4/s32ds/build_tools/gcc_v10.2/gcc-10.2-arm32-eabi/bin/../lib/gcc/arm-none-eabi/10.2.0/../../../../arm-none-eabi/lib/thumb/v7e-m/nofp\libc.a(lib_a-exit.o)
 .comment       0x00000088       0x89 c:/nxp/s32ds.3.4/s32ds/build_tools/gcc_v10.2/gcc-10.2-arm32-eabi/bin/../lib/gcc/arm-none-eabi/10.2.0/../../../../arm-none-eabi/lib/thumb/v7e-m/nofp\libc.a(lib_a-impure.o)
 .comment       0x00000088       0x89 c:/nxp/s32ds.3.4/s32ds/build_tools/gcc_v10.2/gcc-10.2-arm32-eabi/bin/../lib/gcc/arm-none-eabi/10.2.0/../../../../arm-none-eabi/lib/thumb/v7e-m/nofp\libc.a(lib_a-init.o)
 .comment       0x00000088       0x89 c:/nxp/s32ds.3.4/s32ds/build_tools/gcc_v10.2/gcc-10.2-arm32-eabi/bin/../lib/gcc/arm-none-eabi/10.2.0/../../../../arm-none-eabi/lib/thumb/v7e-m/nofp\libc.a(lib_a-memcmp.o)
 .comment       0x00000088       0x89 c:/nxp/s32ds.3.4/s32ds/build_tools/gcc_v10.2/gcc-10.2-arm32-eabi/bin/../lib/gcc/arm-none-eabi/10.2.0/../../../../arm-none-eabi/lib/thumb/v7e-m/nofp\libc.a(lib_a-memset.o)
 .comment       0x00000088       0x89 c:/nxp/s32ds.3.4/s32ds/build_tools/gcc_v10.2/gcc-10.2-arm32-eabi/bin/../lib/gcc/arm-none-eabi/10.2.0/../../../../arm-none-eabi/lib/thumb/v7e-m/nofp\libc.a(lib_a-__call_atexit.o)
 .comment       0x00000088       0x89 c:/nxp/s32ds.3.4/s32ds/build_tools/gcc_v10.2/gcc-10.2-arm32-eabi/bin/../lib/gcc/arm-none-eabi/10.2.0/../../../../arm-none-eabi/lib/thumb/v7e-m/nofp\libc.a(lib_a-fini.o)
 .comment       0x00000088       0x89 c:/nxp/s32ds.3.4/s32ds/build_tools/gcc_v10.2/gcc-10.2-arm32-eabi/bin/../lib/gcc/arm-none-eabi/10.2.0/../../../../arm-none-eabi/lib/thumb/v7e-m/nofp\libc.a(lib_a-atexit.o)
 .comment       0x00000088       0x89 c:/nxp/s32ds.3.4/s32ds/build_tools/gcc_v10.2/gcc-10.2-arm32-eabi/bin/../lib/gcc/arm-none-eabi/10.2.0/../../../../arm-none-eabi/lib/thumb/v7e-m/nofp\libc.a(lib_a-__atexit.o)
 .comment       0x00000088       0x89 c:/nxp/s32ds.3.4/s32ds/build_tools/gcc_v10.2/gcc-10.2-arm32-eabi/bin/../lib/gcc/arm-none-eabi/10.2.0/../../../../arm-none-eabi/lib/thumb/v7e-m/nofp\libnosys.a(_exit.o)
 .comment       0x00000088       0x89 c:/nxp/s32ds.3.4/s32ds/build_tools/gcc_v10.2/gcc-10.2-arm32-eabi/bin/../lib/gcc/arm-none-eabi/10.2.0/thumb/v7e-m/nofp/crtend.o

.debug_line     0x00000000     0x5d34
 .debug_line    0x00000000       0x93 c:/nxp/s32ds.3.4/s32ds/build_tools/gcc_v10.2/gcc-10.2-arm32-eabi/bin/../lib/gcc/arm-none-eabi/10.2.0/../../../../arm-none-eabi/lib/thumb/v7e-m/nofp/crt0.o
 .debug_line    0x00000093      0x28e ./Project_Settings/Startup_Code/boot_header.o
 .debug_line    0x00000321      0x89d ./Project_Settings/Startup_Code/startup_ARMCM7.o
 .debug_line    0x00000bbe      0x345 ./Project_Settings/Startup_Code/system_ARMCM7.o
 .debug_line    0x00000f03      0xe18 ./src/drivers/mu/hse_mu.o
 .debug_line    0x00001d1b      0x8dc ./src/framework/host_crypto_helper/hse_host_attrs.o
 .debug_line    0x000025f7      0x9a3 ./src/framework/host_crypto_helper/hse_host_format_key_catalogs.o
 .debug_line    0x00002f9a     0x1027 ./src/framework/host_hse/hse_host.o
 .debug_line    0x00003fc1     0x11b4 ./src/main.o
 .debug_line    0x00005175      0xbbf ./src/target/m7/src/sys_init.o

.debug_info     0x00000000     0xc5c5
 .debug_info    0x00000000       0x26 c:/nxp/s32ds.3.4/s32ds/build_tools/gcc_v10.2/gcc-10.2-arm32-eabi/bin/../lib/gcc/arm-none-eabi/10.2.0/../../../../arm-none-eabi/lib/thumb/v7e-m/nofp/crt0.o
 .debug_info    0x00000026      0x2dc ./Project_Settings/Startup_Code/boot_header.o
 .debug_info    0x00000302      0x4cb ./Project_Settings/Startup_Code/startup_ARMCM7.o
 .debug_info    0x000007cd      0x489 ./Project_Settings/Startup_Code/system_ARMCM7.o
 .debug_info    0x00000c56     0x2273 ./src/drivers/mu/hse_mu.o
 .debug_info    0x00002ec9     0x229c ./src/framework/host_crypto_helper/hse_host_attrs.o
 .debug_info    0x00005165     0x2402 ./src/framework/host_crypto_helper/hse_host_format_key_catalogs.o
 .debug_info    0x00007567     0x259c ./src/framework/host_hse/hse_host.o
 .debug_info    0x00009b03     0x2805 ./src/main.o
 .debug_info    0x0000c308      0x2bd ./src/target/m7/src/sys_init.o

.debug_abbrev   0x00000000      0xe27
 .debug_abbrev  0x00000000       0x14 c:/nxp/s32ds.3.4/s32ds/build_tools/gcc_v10.2/gcc-10.2-arm32-eabi/bin/../lib/gcc/arm-none-eabi/10.2.0/../../../../arm-none-eabi/lib/thumb/v7e-m/nofp/crt0.o
 .debug_abbrev  0x00000014       0xb1 ./Project_Settings/Startup_Code/boot_header.o
 .debug_abbrev  0x000000c5      0x1f9 ./Project_Settings/Startup_Code/startup_ARMCM7.o
 .debug_abbrev  0x000002be       0xe9 ./Project_Settings/Startup_Code/system_ARMCM7.o
 .debug_abbrev  0x000003a7      0x1de ./src/drivers/mu/hse_mu.o
 .debug_abbrev  0x00000585      0x1ad ./src/framework/host_crypto_helper/hse_host_attrs.o
 .debug_abbrev  0x00000732      0x1a4 ./src/framework/host_crypto_helper/hse_host_format_key_catalogs.o
 .debug_abbrev  0x000008d6      0x250 ./src/framework/host_hse/hse_host.o
 .debug_abbrev  0x00000b26      0x23d ./src/main.o
 .debug_abbrev  0x00000d63       0xc4 ./src/target/m7/src/sys_init.o

.debug_str      0x00000000   0x1fbf7a
 .debug_str     0x00000000       0xb9 c:/nxp/s32ds.3.4/s32ds/build_tools/gcc_v10.2/gcc-10.2-arm32-eabi/bin/../lib/gcc/arm-none-eabi/10.2.0/../../../../arm-none-eabi/lib/thumb/v7e-m/nofp/crt0.o
 .debug_str     0x000000b9     0x3d14 ./Project_Settings/Startup_Code/boot_header.o
                               0x3e8e (size before relaxing)
 .debug_str     0x00003dcd   0x1e7047 ./Project_Settings/Startup_Code/startup_ARMCM7.o
                             0x1ead78 (size before relaxing)
 .debug_str     0x001eae14      0x1dc ./Project_Settings/Startup_Code/system_ARMCM7.o
                               0xc0d8 (size before relaxing)
 .debug_str     0x001eaff0     0x7cf4 ./src/drivers/mu/hse_mu.o
                             0x1ea9de (size before relaxing)
 .debug_str     0x001f2ce4     0x3c6f ./src/framework/host_crypto_helper/hse_host_attrs.o
                               0xe483 (size before relaxing)
 .debug_str     0x001f6953     0x2422 ./src/framework/host_crypto_helper/hse_host_format_key_catalogs.o
                              0x1082c (size before relaxing)
 .debug_str     0x001f8d75     0x192c ./src/framework/host_hse/hse_host.o
                             0x1eed6d (size before relaxing)
 .debug_str     0x001fa6a1      0x80a ./src/main.o
                             0x1edc6c (size before relaxing)
 .debug_str     0x001faeab     0x10cf ./src/target/m7/src/sys_init.o
                             0x1e52a8 (size before relaxing)

.debug_aranges  0x00000000      0x2c8
 .debug_aranges
                0x00000000       0x18 ./Project_Settings/Startup_Code/boot_header.o
 .debug_aranges
                0x00000018       0x28 ./Project_Settings/Startup_Code/startup_ARMCM7.o
 .debug_aranges
                0x00000040       0x28 ./Project_Settings/Startup_Code/system_ARMCM7.o
 .debug_aranges
                0x00000068       0x78 ./src/drivers/mu/hse_mu.o
 .debug_aranges
                0x000000e0       0x30 ./src/framework/host_crypto_helper/hse_host_attrs.o
 .debug_aranges
                0x00000110       0x38 ./src/framework/host_crypto_helper/hse_host_format_key_catalogs.o
 .debug_aranges
                0x00000148       0x50 ./src/framework/host_hse/hse_host.o
 .debug_aranges
                0x00000198       0x80 ./src/main.o
 .debug_aranges
                0x00000218       0xb0 ./src/target/m7/src/sys_init.o

.debug_macro    0x00000000    0x465a3
 .debug_macro   0x00000000       0x72 ./Project_Settings/Startup_Code/boot_header.o
 .debug_macro   0x00000072      0xa6c ./Project_Settings/Startup_Code/boot_header.o
 .debug_macro   0x00000ade       0x22 ./Project_Settings/Startup_Code/boot_header.o
 .debug_macro   0x00000b00       0x8e ./Project_Settings/Startup_Code/boot_header.o
 .debug_macro   0x00000b8e       0x51 ./Project_Settings/Startup_Code/boot_header.o
 .debug_macro   0x00000bdf      0x103 ./Project_Settings/Startup_Code/boot_header.o
 .debug_macro   0x00000ce2       0x6a ./Project_Settings/Startup_Code/boot_header.o
 .debug_macro   0x00000d4c      0x1df ./Project_Settings/Startup_Code/boot_header.o
 .debug_macro   0x00000f2b       0x10 ./Project_Settings/Startup_Code/boot_header.o
 .debug_macro   0x00000f3b      0x33d ./Project_Settings/Startup_Code/startup_ARMCM7.o
 .debug_macro   0x00001278       0x16 ./Project_Settings/Startup_Code/startup_ARMCM7.o
 .debug_macro   0x0000128e       0x7c ./Project_Settings/Startup_Code/startup_ARMCM7.o
 .debug_macro   0x0000130a       0x1c ./Project_Settings/Startup_Code/startup_ARMCM7.o
 .debug_macro   0x00001326       0x1c ./Project_Settings/Startup_Code/startup_ARMCM7.o
 .debug_macro   0x00001342       0x22 ./Project_Settings/Startup_Code/startup_ARMCM7.o
 .debug_macro   0x00001364      0x116 ./Project_Settings/Startup_Code/startup_ARMCM7.o
 .debug_macro   0x0000147a     0x1305 ./Project_Settings/Startup_Code/startup_ARMCM7.o
 .debug_macro   0x0000277f      0x11f ./Project_Settings/Startup_Code/startup_ARMCM7.o
 .debug_macro   0x0000289e       0x27 ./Project_Settings/Startup_Code/startup_ARMCM7.o
 .debug_macro   0x000028c5     0x51ef ./Project_Settings/Startup_Code/startup_ARMCM7.o
 .debug_macro   0x00007ab4      0xa20 ./Project_Settings/Startup_Code/startup_ARMCM7.o
 .debug_macro   0x000084d4     0x10a6 ./Project_Settings/Startup_Code/startup_ARMCM7.o
 .debug_macro   0x0000957a      0x180 ./Project_Settings/Startup_Code/startup_ARMCM7.o
 .debug_macro   0x000096fa       0xf8 ./Project_Settings/Startup_Code/startup_ARMCM7.o
 .debug_macro   0x000097f2      0x370 ./Project_Settings/Startup_Code/startup_ARMCM7.o
 .debug_macro   0x00009b62      0x158 ./Project_Settings/Startup_Code/startup_ARMCM7.o
 .debug_macro   0x00009cba      0xd4e ./Project_Settings/Startup_Code/startup_ARMCM7.o
 .debug_macro   0x0000aa08     0x2311 ./Project_Settings/Startup_Code/startup_ARMCM7.o
 .debug_macro   0x0000cd19       0x8e ./Project_Settings/Startup_Code/startup_ARMCM7.o
 .debug_macro   0x0000cda7     0xd22d ./Project_Settings/Startup_Code/startup_ARMCM7.o
 .debug_macro   0x00019fd4      0x2ea ./Project_Settings/Startup_Code/startup_ARMCM7.o
 .debug_macro   0x0001a2be      0xe49 ./Project_Settings/Startup_Code/startup_ARMCM7.o
 .debug_macro   0x0001b107     0x71b5 ./Project_Settings/Startup_Code/startup_ARMCM7.o
 .debug_macro   0x000222bc      0xbaa ./Project_Settings/Startup_Code/startup_ARMCM7.o
 .debug_macro   0x00022e66      0xd69 ./Project_Settings/Startup_Code/startup_ARMCM7.o
 .debug_macro   0x00023bcf      0xb4d ./Project_Settings/Startup_Code/startup_ARMCM7.o
 .debug_macro   0x0002471c       0x5c ./Project_Settings/Startup_Code/startup_ARMCM7.o
 .debug_macro   0x00024778      0xad5 ./Project_Settings/Startup_Code/startup_ARMCM7.o
 .debug_macro   0x0002524d     0x1531 ./Project_Settings/Startup_Code/startup_ARMCM7.o
 .debug_macro   0x0002677e      0x867 ./Project_Settings/Startup_Code/startup_ARMCM7.o
 .debug_macro   0x00026fe5       0xcc ./Project_Settings/Startup_Code/startup_ARMCM7.o
 .debug_macro   0x000270b1       0xd6 ./Project_Settings/Startup_Code/startup_ARMCM7.o
 .debug_macro   0x00027187      0x105 ./Project_Settings/Startup_Code/startup_ARMCM7.o
 .debug_macro   0x0002728c      0x507 ./Project_Settings/Startup_Code/startup_ARMCM7.o
 .debug_macro   0x00027793      0x779 ./Project_Settings/Startup_Code/startup_ARMCM7.o
 .debug_macro   0x00027f0c      0xe1f ./Project_Settings/Startup_Code/startup_ARMCM7.o
 .debug_macro   0x00028d2b      0x93f ./Project_Settings/Startup_Code/startup_ARMCM7.o
 .debug_macro   0x0002966a      0xd53 ./Project_Settings/Startup_Code/startup_ARMCM7.o
 .debug_macro   0x0002a3bd      0x2ce ./Project_Settings/Startup_Code/startup_ARMCM7.o
 .debug_macro   0x0002a68b     0x1095 ./Project_Settings/Startup_Code/startup_ARMCM7.o
 .debug_macro   0x0002b720     0x1fad ./Project_Settings/Startup_Code/startup_ARMCM7.o
 .debug_macro   0x0002d6cd      0x4f8 ./Project_Settings/Startup_Code/startup_ARMCM7.o
 .debug_macro   0x0002dbc5      0x274 ./Project_Settings/Startup_Code/startup_ARMCM7.o
 .debug_macro   0x0002de39      0x9d3 ./Project_Settings/Startup_Code/startup_ARMCM7.o
 .debug_macro   0x0002e80c     0x15b6 ./Project_Settings/Startup_Code/startup_ARMCM7.o
 .debug_macro   0x0002fdc2      0x4b9 ./Project_Settings/Startup_Code/startup_ARMCM7.o
 .debug_macro   0x0003027b      0x242 ./Project_Settings/Startup_Code/startup_ARMCM7.o
 .debug_macro   0x000304bd      0x20a ./Project_Settings/Startup_Code/startup_ARMCM7.o
 .debug_macro   0x000306c7      0x3f9 ./Project_Settings/Startup_Code/startup_ARMCM7.o
 .debug_macro   0x00030ac0       0x6a ./Project_Settings/Startup_Code/startup_ARMCM7.o
 .debug_macro   0x00030b2a      0xbb5 ./Project_Settings/Startup_Code/startup_ARMCM7.o
 .debug_macro   0x000316df       0x47 ./Project_Settings/Startup_Code/startup_ARMCM7.o
 .debug_macro   0x00031726      0x23b ./Project_Settings/Startup_Code/startup_ARMCM7.o
 .debug_macro   0x00031961      0xb27 ./Project_Settings/Startup_Code/startup_ARMCM7.o
 .debug_macro   0x00032488      0x2d8 ./Project_Settings/Startup_Code/startup_ARMCM7.o
 .debug_macro   0x00032760       0x94 ./Project_Settings/Startup_Code/startup_ARMCM7.o
 .debug_macro   0x000327f4       0xf2 ./Project_Settings/Startup_Code/startup_ARMCM7.o
 .debug_macro   0x000328e6       0x5d ./Project_Settings/Startup_Code/startup_ARMCM7.o
 .debug_macro   0x00032943     0x7bf9 ./Project_Settings/Startup_Code/startup_ARMCM7.o
 .debug_macro   0x0003a53c      0xf35 ./Project_Settings/Startup_Code/startup_ARMCM7.o
 .debug_macro   0x0003b471       0xfe ./Project_Settings/Startup_Code/startup_ARMCM7.o
 .debug_macro   0x0003b56f      0x2c8 ./Project_Settings/Startup_Code/startup_ARMCM7.o
 .debug_macro   0x0003b837       0x78 ./Project_Settings/Startup_Code/startup_ARMCM7.o
 .debug_macro   0x0003b8af       0xb2 ./Project_Settings/Startup_Code/startup_ARMCM7.o
 .debug_macro   0x0003b961      0x1cf ./Project_Settings/Startup_Code/startup_ARMCM7.o
 .debug_macro   0x0003bb30      0x56e ./Project_Settings/Startup_Code/startup_ARMCM7.o
 .debug_macro   0x0003c09e      0x3f8 ./Project_Settings/Startup_Code/startup_ARMCM7.o
 .debug_macro   0x0003c496      0x338 ./Project_Settings/Startup_Code/startup_ARMCM7.o
 .debug_macro   0x0003c7ce      0x4c8 ./Project_Settings/Startup_Code/startup_ARMCM7.o
 .debug_macro   0x0003cc96      0xc87 ./Project_Settings/Startup_Code/startup_ARMCM7.o
 .debug_macro   0x0003d91d       0xd6 ./Project_Settings/Startup_Code/system_ARMCM7.o
 .debug_macro   0x0003d9f3      0x6f8 ./src/drivers/mu/hse_mu.o
 .debug_macro   0x0003e0eb       0x4c ./src/drivers/mu/hse_mu.o
 .debug_macro   0x0003e137       0x1c ./src/drivers/mu/hse_mu.o
 .debug_macro   0x0003e153      0x300 ./src/drivers/mu/hse_mu.o
 .debug_macro   0x0003e453      0x170 ./src/drivers/mu/hse_mu.o
 .debug_macro   0x0003e5c3       0x16 ./src/drivers/mu/hse_mu.o
 .debug_macro   0x0003e5d9      0x1b2 ./src/drivers/mu/hse_mu.o
 .debug_macro   0x0003e78b       0x16 ./src/drivers/mu/hse_mu.o
 .debug_macro   0x0003e7a1       0x10 ./src/drivers/mu/hse_mu.o
 .debug_macro   0x0003e7b1      0x18a ./src/drivers/mu/hse_mu.o
 .debug_macro   0x0003e93b       0x1d ./src/drivers/mu/hse_mu.o
 .debug_macro   0x0003e958       0x10 ./src/drivers/mu/hse_mu.o
 .debug_macro   0x0003e968       0x1c ./src/drivers/mu/hse_mu.o
 .debug_macro   0x0003e984       0x10 ./src/drivers/mu/hse_mu.o
 .debug_macro   0x0003e994       0x10 ./src/drivers/mu/hse_mu.o
 .debug_macro   0x0003e9a4      0x2eb ./src/drivers/mu/hse_mu.o
 .debug_macro   0x0003ec8f       0x2f ./src/drivers/mu/hse_mu.o
 .debug_macro   0x0003ecbe       0x10 ./src/drivers/mu/hse_mu.o
 .debug_macro   0x0003ecce       0x9a ./src/drivers/mu/hse_mu.o
 .debug_macro   0x0003ed68       0x10 ./src/drivers/mu/hse_mu.o
 .debug_macro   0x0003ed78       0x96 ./src/drivers/mu/hse_mu.o
 .debug_macro   0x0003ee0e       0x10 ./src/drivers/mu/hse_mu.o
 .debug_macro   0x0003ee1e       0x10 ./src/drivers/mu/hse_mu.o
 .debug_macro   0x0003ee2e       0x10 ./src/drivers/mu/hse_mu.o
 .debug_macro   0x0003ee3e       0x2f ./src/drivers/mu/hse_mu.o
 .debug_macro   0x0003ee6d       0x10 ./src/drivers/mu/hse_mu.o
 .debug_macro   0x0003ee7d       0x10 ./src/drivers/mu/hse_mu.o
 .debug_macro   0x0003ee8d       0x10 ./src/drivers/mu/hse_mu.o
 .debug_macro   0x0003ee9d       0x10 ./src/drivers/mu/hse_mu.o
 .debug_macro   0x0003eead       0x10 ./src/drivers/mu/hse_mu.o
 .debug_macro   0x0003eebd       0x2b ./src/drivers/mu/hse_mu.o
 .debug_macro   0x0003eee8       0x10 ./src/drivers/mu/hse_mu.o
 .debug_macro   0x0003eef8       0xc0 ./src/drivers/mu/hse_mu.o
 .debug_macro   0x0003efb8       0x10 ./src/drivers/mu/hse_mu.o
 .debug_macro   0x0003efc8       0x10 ./src/drivers/mu/hse_mu.o
 .debug_macro   0x0003efd8       0x10 ./src/drivers/mu/hse_mu.o
 .debug_macro   0x0003efe8       0x10 ./src/drivers/mu/hse_mu.o
 .debug_macro   0x0003eff8       0x10 ./src/drivers/mu/hse_mu.o
 .debug_macro   0x0003f008       0x53 ./src/drivers/mu/hse_mu.o
 .debug_macro   0x0003f05b      0x14d ./src/drivers/mu/hse_mu.o
 .debug_macro   0x0003f1a8       0xac ./src/drivers/mu/hse_mu.o
 .debug_macro   0x0003f254       0x8e ./src/drivers/mu/hse_mu.o
 .debug_macro   0x0003f2e2     0x51e9 ./src/drivers/mu/hse_mu.o
 .debug_macro   0x000444cb      0x52d ./src/framework/host_crypto_helper/hse_host_attrs.o
 .debug_macro   0x000449f8      0x540 ./src/framework/host_crypto_helper/hse_host_format_key_catalogs.o
 .debug_macro   0x00044f38      0x218 ./src/framework/host_crypto_helper/hse_host_format_key_catalogs.o
 .debug_macro   0x00045150      0x807 ./src/framework/host_hse/hse_host.o
 .debug_macro   0x00045957      0x886 ./src/main.o
 .debug_macro   0x000461dd       0x16 ./src/main.o
 .debug_macro   0x000461f3       0x10 ./src/main.o
 .debug_macro   0x00046203       0x10 ./src/main.o
 .debug_macro   0x00046213      0x390 ./src/target/m7/src/sys_init.o

.debug_ranges   0x00000000      0x230
 .debug_ranges  0x00000000       0x18 ./Project_Settings/Startup_Code/startup_ARMCM7.o
 .debug_ranges  0x00000018       0x18 ./Project_Settings/Startup_Code/system_ARMCM7.o
 .debug_ranges  0x00000030       0x68 ./src/drivers/mu/hse_mu.o
 .debug_ranges  0x00000098       0x20 ./src/framework/host_crypto_helper/hse_host_attrs.o
 .debug_ranges  0x000000b8       0x28 ./src/framework/host_crypto_helper/hse_host_format_key_catalogs.o
 .debug_ranges  0x000000e0       0x40 ./src/framework/host_hse/hse_host.o
 .debug_ranges  0x00000120       0x70 ./src/main.o
 .debug_ranges  0x00000190       0xa0 ./src/target/m7/src/sys_init.o

.debug_frame    0x00000000      0x8e0
 .debug_frame   0x00000000       0x38 ./Project_Settings/Startup_Code/startup_ARMCM7.o
 .debug_frame   0x00000038       0x50 ./Project_Settings/Startup_Code/system_ARMCM7.o
 .debug_frame   0x00000088      0x1f0 ./src/drivers/mu/hse_mu.o
 .debug_frame   0x00000278       0x7c ./src/framework/host_crypto_helper/hse_host_attrs.o
 .debug_frame   0x000002f4       0xa0 ./src/framework/host_crypto_helper/hse_host_format_key_catalogs.o
 .debug_frame   0x00000394      0x118 ./src/framework/host_hse/hse_host.o
 .debug_frame   0x000004ac      0x1e4 ./src/main.o
 .debug_frame   0x00000690      0x250 ./src/target/m7/src/sys_init.o
