Archive member included to satisfy reference by file (symbol)

c:/nxp/s32ds.3.5/s32ds/build_tools/gcc_v10.2/gcc-10.2-arm32-eabi/bin/../lib/gcc/arm-none-eabi/10.2.0/../../../../arm-none-eabi/lib/thumb/v7e-m/nofp\libc.a(lib_a-exit.o)
                              c:/nxp/s32ds.3.5/s32ds/build_tools/gcc_v10.2/gcc-10.2-arm32-eabi/bin/../lib/gcc/arm-none-eabi/10.2.0/../../../../arm-none-eabi/lib/thumb/v7e-m/nofp/crt0.o (exit)
c:/nxp/s32ds.3.5/s32ds/build_tools/gcc_v10.2/gcc-10.2-arm32-eabi/bin/../lib/gcc/arm-none-eabi/10.2.0/../../../../arm-none-eabi/lib/thumb/v7e-m/nofp\libc.a(lib_a-impure.o)
                              c:/nxp/s32ds.3.5/s32ds/build_tools/gcc_v10.2/gcc-10.2-arm32-eabi/bin/../lib/gcc/arm-none-eabi/10.2.0/../../../../arm-none-eabi/lib/thumb/v7e-m/nofp\libc.a(lib_a-exit.o) (_global_impure_ptr)
c:/nxp/s32ds.3.5/s32ds/build_tools/gcc_v10.2/gcc-10.2-arm32-eabi/bin/../lib/gcc/arm-none-eabi/10.2.0/../../../../arm-none-eabi/lib/thumb/v7e-m/nofp\libc.a(lib_a-init.o)
                              c:/nxp/s32ds.3.5/s32ds/build_tools/gcc_v10.2/gcc-10.2-arm32-eabi/bin/../lib/gcc/arm-none-eabi/10.2.0/../../../../arm-none-eabi/lib/thumb/v7e-m/nofp/crt0.o (__libc_init_array)
c:/nxp/s32ds.3.5/s32ds/build_tools/gcc_v10.2/gcc-10.2-arm32-eabi/bin/../lib/gcc/arm-none-eabi/10.2.0/../../../../arm-none-eabi/lib/thumb/v7e-m/nofp\libc.a(lib_a-memcmp.o)
                              ./services/src/fw_attribute/otp/hse_debug_key.o (memcmp)
c:/nxp/s32ds.3.5/s32ds/build_tools/gcc_v10.2/gcc-10.2-arm32-eabi/bin/../lib/gcc/arm-none-eabi/10.2.0/../../../../arm-none-eabi/lib/thumb/v7e-m/nofp\libc.a(lib_a-memcpy-stub.o)
                              ./framework/host_crypto_helper/hse_host_import_key.o (memcpy)
c:/nxp/s32ds.3.5/s32ds/build_tools/gcc_v10.2/gcc-10.2-arm32-eabi/bin/../lib/gcc/arm-none-eabi/10.2.0/../../../../arm-none-eabi/lib/thumb/v7e-m/nofp\libc.a(lib_a-memset.o)
                              c:/nxp/s32ds.3.5/s32ds/build_tools/gcc_v10.2/gcc-10.2-arm32-eabi/bin/../lib/gcc/arm-none-eabi/10.2.0/../../../../arm-none-eabi/lib/thumb/v7e-m/nofp/crt0.o (memset)
c:/nxp/s32ds.3.5/s32ds/build_tools/gcc_v10.2/gcc-10.2-arm32-eabi/bin/../lib/gcc/arm-none-eabi/10.2.0/../../../../arm-none-eabi/lib/thumb/v7e-m/nofp\libc.a(lib_a-__call_atexit.o)
                              c:/nxp/s32ds.3.5/s32ds/build_tools/gcc_v10.2/gcc-10.2-arm32-eabi/bin/../lib/gcc/arm-none-eabi/10.2.0/../../../../arm-none-eabi/lib/thumb/v7e-m/nofp\libc.a(lib_a-exit.o) (__call_exitprocs)
c:/nxp/s32ds.3.5/s32ds/build_tools/gcc_v10.2/gcc-10.2-arm32-eabi/bin/../lib/gcc/arm-none-eabi/10.2.0/../../../../arm-none-eabi/lib/thumb/v7e-m/nofp\libc.a(lib_a-fini.o)
                              c:/nxp/s32ds.3.5/s32ds/build_tools/gcc_v10.2/gcc-10.2-arm32-eabi/bin/../lib/gcc/arm-none-eabi/10.2.0/../../../../arm-none-eabi/lib/thumb/v7e-m/nofp\libc.a(lib_a-__call_atexit.o) (__libc_fini_array)
c:/nxp/s32ds.3.5/s32ds/build_tools/gcc_v10.2/gcc-10.2-arm32-eabi/bin/../lib/gcc/arm-none-eabi/10.2.0/../../../../arm-none-eabi/lib/thumb/v7e-m/nofp\libc.a(lib_a-atexit.o)
                              c:/nxp/s32ds.3.5/s32ds/build_tools/gcc_v10.2/gcc-10.2-arm32-eabi/bin/../lib/gcc/arm-none-eabi/10.2.0/../../../../arm-none-eabi/lib/thumb/v7e-m/nofp\libc.a(lib_a-__call_atexit.o) (atexit)
c:/nxp/s32ds.3.5/s32ds/build_tools/gcc_v10.2/gcc-10.2-arm32-eabi/bin/../lib/gcc/arm-none-eabi/10.2.0/../../../../arm-none-eabi/lib/thumb/v7e-m/nofp\libc.a(lib_a-__atexit.o)
                              c:/nxp/s32ds.3.5/s32ds/build_tools/gcc_v10.2/gcc-10.2-arm32-eabi/bin/../lib/gcc/arm-none-eabi/10.2.0/../../../../arm-none-eabi/lib/thumb/v7e-m/nofp\libc.a(lib_a-atexit.o) (__register_exitproc)
c:/nxp/s32ds.3.5/s32ds/build_tools/gcc_v10.2/gcc-10.2-arm32-eabi/bin/../lib/gcc/arm-none-eabi/10.2.0/../../../../arm-none-eabi/lib/thumb/v7e-m/nofp\libnosys.a(_exit.o)
                              c:/nxp/s32ds.3.5/s32ds/build_tools/gcc_v10.2/gcc-10.2-arm32-eabi/bin/../lib/gcc/arm-none-eabi/10.2.0/../../../../arm-none-eabi/lib/thumb/v7e-m/nofp\libc.a(lib_a-exit.o) (_exit)

Discarded input sections

 .text          0x00000000        0x0 c:/nxp/s32ds.3.5/s32ds/build_tools/gcc_v10.2/gcc-10.2-arm32-eabi/bin/../lib/gcc/arm-none-eabi/10.2.0/thumb/v7e-m/nofp/crti.o
 .data          0x00000000        0x0 c:/nxp/s32ds.3.5/s32ds/build_tools/gcc_v10.2/gcc-10.2-arm32-eabi/bin/../lib/gcc/arm-none-eabi/10.2.0/thumb/v7e-m/nofp/crti.o
 .bss           0x00000000        0x0 c:/nxp/s32ds.3.5/s32ds/build_tools/gcc_v10.2/gcc-10.2-arm32-eabi/bin/../lib/gcc/arm-none-eabi/10.2.0/thumb/v7e-m/nofp/crti.o
 .data          0x00000000        0x4 c:/nxp/s32ds.3.5/s32ds/build_tools/gcc_v10.2/gcc-10.2-arm32-eabi/bin/../lib/gcc/arm-none-eabi/10.2.0/thumb/v7e-m/nofp/crtbegin.o
 .data          0x00000000        0x0 c:/nxp/s32ds.3.5/s32ds/build_tools/gcc_v10.2/gcc-10.2-arm32-eabi/bin/../lib/gcc/arm-none-eabi/10.2.0/../../../../arm-none-eabi/lib/thumb/v7e-m/nofp/crt0.o
[...]
Memory Configuration

Name             Origin             Length             Attributes
ITCM             0x00000000         0x00010000         xrw
PFLASH           0x00400000         0x000fffff         xr
AppBL            0x005040c0         0x00001000         xr
DFLASH           0x10000000         0x00020000         xr
DTCM             0x20000000         0x00020000         rw
SRAM0_STDBY      0x20400000         0x00008000         rw
SRAM             0x20408000         0x00048000         rw
*default*        0x00000000         0xffffffff

Linker script and memory map

LOAD c:/nxp/s32ds.3.5/s32ds/build_tools/gcc_v10.2/gcc-10.2-arm32-eabi/bin/../lib/gcc/arm-none-eabi/10.2.0/thumb/v7e-m/nofp/crti.o
LOAD c:/nxp/s32ds.3.5/s32ds/build_tools/gcc_v10.2/gcc-10.2-arm32-eabi/bin/../lib/gcc/arm-none-eabi/10.2.0/thumb/v7e-m/nofp/crtbegin.o
LOAD c:/nxp/s32ds.3.5/s32ds/build_tools/gcc_v10.2/gcc-10.2-arm32-eabi/bin/../lib/gcc/arm-none-eabi/10.2.0/../../../../arm-none-eabi/lib/thumb/v7e-m/nofp/crt0.o
LOAD ./drivers/dcm_register/hse_dcm_register.o
LOAD ./drivers/flash/BlankCheck.o
LOAD ./drivers/flash/ClearAllErrorFlags.o
LOAD ./drivers/flash/ClearLock.o
LOAD ./drivers/flash/FlashErase.o
LOAD ./drivers/flash/FlashInit.o
LOAD ./drivers/flash/FlashProgram.o
LOAD ./drivers/flash/GetBaseAddressOfSector.o
LOAD ./drivers/flash/GetLock.o
LOAD ./drivers/flash/ProgramVerify.o
LOAD ./drivers/flash/SetLock.o
LOAD ./drivers/mu/hse_mu.o
LOAD ./drivers/nvic/nvic.o
LOAD ./drivers/stm/host_stm.o
LOAD ./framework/host_crypto_helper/hse_host_aead.o
LOAD ./framework/host_crypto_helper/hse_host_attrs.o
LOAD ./framework/host_crypto_helper/hse_host_cipher.o
LOAD ./framework/host_crypto_helper/hse_host_cmac_with_counter.o
LOAD ./framework/host_crypto_helper/hse_host_ecc.o
LOAD ./framework/host_crypto_helper/hse_host_format_key_catalogs.o
LOAD ./framework/host_crypto_helper/hse_host_hash.o
LOAD ./framework/host_crypto_helper/hse_host_impex_stream.o
LOAD ./framework/host_crypto_helper/hse_host_import_key.o
LOAD ./framework/host_crypto_helper/hse_host_kdf.o
LOAD ./framework/host_crypto_helper/hse_host_mac.o
LOAD ./framework/host_crypto_helper/hse_host_monotonic_counters.o
LOAD ./framework/host_crypto_helper/hse_host_rng.o
LOAD ./framework/host_crypto_helper/hse_host_rsa_cipher.o
LOAD ./framework/host_crypto_helper/hse_host_sign.o
LOAD ./framework/host_crypto_helper/hse_host_utils.o
LOAD ./framework/host_hse/hse_host.o
LOAD ./framework/host_keymgmt/hse_keys_allocator.o
LOAD ./services/src/common/hse_config.o
LOAD ./services/src/common/hse_global_variables.o
LOAD ./services/src/fw_attribute/non-otp/hse_get_capabilities.o
LOAD ./services/src/fw_attribute/non-otp/hse_get_version.o
LOAD ./services/src/fw_attribute/non-otp/hse_mu_config.o
LOAD ./services/src/fw_attribute/otp/hse_advance_LC.o
LOAD ./services/src/fw_attribute/otp/hse_boot_auth.o
LOAD ./services/src/fw_attribute/otp/hse_debug_auth_mode.o
LOAD ./services/src/fw_attribute/otp/hse_debug_key.o
LOAD ./services/src/fw_attribute/otp/hse_extend_cust_security_policy.o
LOAD ./services/src/fw_crypto/hse_crypto.o
LOAD ./services/src/fw_crypto/hse_host_sys_authorization.o
LOAD ./services/src/fw_update/standard/hse_fw_update.o
LOAD ./services/src/hse_b_catalog_formatting.o
LOAD ./services/src/hse_demo_app_config.o
LOAD ./services/src/hse_host_flash.o
LOAD ./services/src/monotonic_cnt/hse_monotonic_cnt.o
LOAD ./services/src/secure_boot/hse_boot_mac_key_update.o
LOAD ./services/src/secure_boot/hse_host_boot.o
LOAD ./services/src/secure_boot/hse_secure_boot.o
LOAD ./services/src/shecommandapp/hse_host_common.o
LOAD ./services/src/shecommandapp/hse_host_test.o
LOAD ./services/src/shecommandapp/hse_host_wrappers.o
LOAD ./services/src/shecommandapp/hse_memory_update_protocol.o
LOAD ./services/src/shecommandapp/hse_she_command_main.o
LOAD ./services/src/shecommandapp/hse_she_commands.o
LOAD ./services/src/standard/hse_fwType_config.o
LOAD ./services/src/utest/hse_utest.o
LOAD ./src/Flash/flash.o
LOAD ./src/Flash/pflash.o
LOAD ./src/main.o
LOAD ./src/target/m7/S32DS/Startup_Code/boot_header.o
LOAD ./src/target/m7/S32DS/Startup_Code/startup_ARMCM7.o
LOAD ./src/target/m7/S32DS/Startup_Code/system_ARMCM7.o
LOAD ./src/target/m7/src/sys_init.o
START GROUP
LOAD c:/nxp/s32ds.3.5/s32ds/build_tools/gcc_v10.2/gcc-10.2-arm32-eabi/bin/../lib/gcc/arm-none-eabi/10.2.0/thumb/v7e-m/nofp\libgcc.a
LOAD c:/nxp/s32ds.3.5/s32ds/build_tools/gcc_v10.2/gcc-10.2-arm32-eabi/bin/../lib/gcc/arm-none-eabi/10.2.0/../../../../arm-none-eabi/lib/thumb/v7e-m/nofp\libc.a
END GROUP
START GROUP
LOAD c:/nxp/s32ds.3.5/s32ds/build_tools/gcc_v10.2/gcc-10.2-arm32-eabi/bin/../lib/gcc/arm-none-eabi/10.2.0/thumb/v7e-m/nofp\libgcc.a
LOAD c:/nxp/s32ds.3.5/s32ds/build_tools/gcc_v10.2/gcc-10.2-arm32-eabi/bin/../lib/gcc/arm-none-eabi/10.2.0/../../../../arm-none-eabi/lib/thumb/v7e-m/nofp\libc.a
LOAD c:/nxp/s32ds.3.5/s32ds/build_tools/gcc_v10.2/gcc-10.2-arm32-eabi/bin/../lib/gcc/arm-none-eabi/10.2.0/../../../../arm-none-eabi/lib/thumb/v7e-m/nofp\libnosys.a
END GROUP
LOAD c:/nxp/s32ds.3.5/s32ds/build_tools/gcc_v10.2/gcc-10.2-arm32-eabi/bin/../lib/gcc/arm-none-eabi/10.2.0/thumb/v7e-m/nofp/crtend.o
LOAD c:/nxp/s32ds.3.5/s32ds/build_tools/gcc_v10.2/gcc-10.2-arm32-eabi/bin/../lib/gcc/arm-none-eabi/10.2.0/thumb/v7e-m/nofp/crtn.o
                0x00001000                __STACK_SIZE = 0x1000
                0x00001000                __HEAP_SIZE = 0x1000
TARGET(binary)
LOAD C:/NXP/S32K344_SecureBootBlinky.bin

.text           0x00400000     0x1078
 *(.vectors)
 .vectors       0x00400000      0x3c0 ./src/target/m7/S32DS/Startup_Code/startup_ARMCM7.o
                0x00400000                __Vectors
 *(.text*)
 .text          0x004003c0       0x88 c:/nxp/s32ds.3.5/s32ds/build_tools/gcc_v10.2/gcc-10.2-arm32-eabi/bin/../lib/gcc/arm-none-eabi/10.2.0/thumb/v7e-m/nofp/crtbegin.o
 .text          0x00400448       0x7c c:/nxp/s32ds.3.5/s32ds/build_tools/gcc_v10.2/gcc-10.2-arm32-eabi/bin/../lib/gcc/arm-none-eabi/10.2.0/../../../../arm-none-eabi/lib/thumb/v7e-m/nofp/crt0.o
                0x00400448                _stack_init
                0x00400450                _start
                0x00400450                _mainCRTStartup
 .text.HSE_MU_IsResponseReady
                0x004004c4       0x40 ./drivers/mu/hse_mu.o
                0x004004c4                HSE_MU_IsResponseReady
 .text.HSE_MU_ReceiveResponse
                0x00400504       0x38 ./drivers/mu/hse_mu.o
                0x00400504                HSE_MU_ReceiveResponse
 .text.HSE_MU_ReceiveResponseBlocking
                0x0040053c       0x80 ./framework/host_hse/hse_host.o
 .text.HSE_Send
                0x004005bc      0x158 ./framework/host_hse/hse_host.o
                0x004005bc                HSE_Send
 .text.HSE_GetFreeChannel
                0x00400714       0x78 ./framework/host_hse/hse_host.o
                0x00400714                HSE_GetFreeChannel
 .text.HSE_ReadAdkp
                0x0040078c       0x1e ./services/src/fw_attribute/otp/hse_debug_key.o
                0x0040078c                HSE_ReadAdkp
 *fill*         0x004007aa        0x2 
 .text.check_debug_password_programmed_status
                0x004007ac       0x48 ./services/src/fw_attribute/otp/hse_debug_key.o
                0x004007ac                check_debug_password_programmed_status
 .text.Get_Attr
                0x004007f4       0x94 ./services/src/hse_demo_app_config.o
                0x004007f4                Get_Attr
 .text.HSE_SignBootImage
                0x00400888       0x7c ./services/src/secure_boot/hse_host_boot.o
                0x00400888                HSE_SignBootImage
 .text.HSE_VerifyBootImage
                0x00400904       0x64 ./services/src/secure_boot/hse_host_boot.o
                0x00400904                HSE_VerifyBootImage
 .text.FLASH_ExecSeq
                0x00400968       0x54 ./src/Flash/flash.o
                0x00400968                FLASH_ExecSeq
 .text.FLASH_Wr
                0x004009bc       0xd0 ./src/Flash/flash.o
                0x004009bc                FLASH_Wr
 .text.main     0x00400a8c      0x148 ./src/main.o
                0x00400a8c                main
 *fill*         0x00400bd4        0x4 
 .text.Reset_Handler
                0x00400bd8      0x108 ./src/target/m7/S32DS/Startup_Code/startup_ARMCM7.o
                0x00400bd8                Reset_Handler
 .text.Default_Handler
                0x00400ce0        0x6 ./src/target/m7/S32DS/Startup_Code/startup_ARMCM7.o
                0x00400ce0                DMATCD7_Handler
                0x00400ce0                FlexCAN3_0_Handler
                0x00400ce0                FlexCAN1_1_Handler
                0x00400ce0                LPUART14_Handler
                0x00400ce0                FlexCAN0_0_Handler
                0x00400ce0                DMATCD24_Handler
                0x00400ce0                SIUL_2_Handler
                0x00400ce0                ENET_1_Handler
                0x00400ce0                PIT2_Handler
                0x00400ce0                LPUART13_Handler
                0x00400ce0                INT0_Handler
                0x00400ce0                DMATCD11_Handler
                0x00400ce0                SAI1_Handler
                0x00400ce0                DMATCD21_Handler
                0x00400ce0                LPCMP0_Handler
                0x00400ce0                ENET_3_Handler
                0x00400ce0                EMIOS2_5_Handler
                0x00400ce0                LPI2C1_Handler
                0x00400ce0                DMATCD15_Handler
                0x00400ce0                QSPI_Handler
                0x00400ce0                HSE_B_4_Handler
                0x00400ce0                FlexCAN0_3_Handler
                0x00400ce0                EMIOS0_5_Handler
                0x00400ce0                CMU0_Handler
                0x00400ce0                EMIOS2_4_Handler
                0x00400ce0                DMATCD16_Handler
                0x00400ce0                WKPU_Handler
                0x00400ce0                SIUL_3_Handler
                0x00400ce0                DMATCD19_Handler
                0x00400ce0                LPUART4_Handler
                0x00400ce0                LPUART5_Handler
                0x00400ce0                LCU0_Handler
                0x00400ce0                BCTU_Handler
                0x00400ce0                HSE_B_1_Handler
                0x00400ce0                DMATCD20_Handler
                0x00400ce0                PIT1_Handler
                0x00400ce0                FlexCAN2_1_Handler
                0x00400ce0                FlexCAN3_1_Handler
                0x00400ce0                ERM_0_Handler
                0x00400ce0                EMIOS1_2_Handler
                0x00400ce0                RTC_Handler
                0x00400ce0                ADC1_Handler
                0x00400ce0                DMATCD23_Handler
                0x00400ce0                DMATCD26_Handler
                0x00400ce0                EMIOS1_6_Handler
                0x00400ce0                FLASH_1_Handler
                0x00400ce0                LPUART9_Handler
                0x00400ce0                HSE_B_3_Handler
                0x00400ce0                LPSPI2_Handler
                0x00400ce0                FCCU_0_Handler
                0x00400ce0                DMATCD1_Handler
                0x00400ce0                CMU1_Handler
                0x00400ce0                DMATCD9_Handler
                0x00400ce0                LPSPI3_Handler
                0x00400ce0                HSE_B_2_Handler
                0x00400ce0                LPUART8_Handler
                0x00400ce0                DMATCD30_Handler
                0x00400ce0                DMATCD8_Handler
                0x00400ce0                DMATCD5_Handler
                0x00400ce0                LPUART6_Handler
                0x00400ce0                EMIOS0_2_Handler
                0x00400ce0                DMATCD10_Handler
                0x00400ce0                EMIOS1_7_Handler
                0x00400ce0                EMIOS1_3_Handler
                0x00400ce0                STM1_Handler
                0x00400ce0                LPUART3_Handler
                0x00400ce0                DMATCD0_Handler
                0x00400ce0                FLEXIO_Handler
                0x00400ce0                PIT0_Handler
                0x00400ce0                DMATCD2_Handler
                0x00400ce0                LPUART10_Handler
                0x00400ce0                EMIOS0_3_Handler
                0x00400ce0                Default_Handler
                0x00400ce0                LPUART1_Handler
                0x00400ce0                CMU2_Handler
                0x00400ce0                INT2_Handler
                0x00400ce0                EMIOS0_6_Handler
                0x00400ce0                FlexCAN5_1_Handler
                0x00400ce0                PMC_Handler
                0x00400ce0                SWT1_Handler
                0x00400ce0                FlexCAN4_0_Handler
                0x00400ce0                ENET_2_Handler
                0x00400ce0                LPUART15_Handler
                0x00400ce0                DMATCD28_Handler
                0x00400ce0                FCCU_1_Handler
                0x00400ce0                EMIOS1_4_Handler
                0x00400ce0                DMATCD4_Handler
                0x00400ce0                DMATCD22_Handler
                0x00400ce0                STM0_Handler
                0x00400ce0                ADC0_Handler
                0x00400ce0                DMATCD13_Handler
                0x00400ce0                DMATCD12_Handler
                0x00400ce0                HSE_B_0_Handler
                0x00400ce0                EMIOS1_5_Handler
                0x00400ce0                LCU1_Handler
                0x00400ce0                FlexCAN4_1_Handler
                0x00400ce0                INT1_Handler
                0x00400ce0                FLASH_0_Handler
                0x00400ce0                MCM_Handler
                0x00400ce0                MU_A_2_Handler
                0x00400ce0                SWT0_Handler
                0x00400ce0                EMIOS0_4_Handler
                0x00400ce0                LPCMP1_Handler
                0x00400ce0                EMIOS2_6_Handler
                0x00400ce0                LPUART0_Handler
                0x00400ce0                LPUART12_Handler
                0x00400ce0                FlexCAN0_1_Handler
                0x00400ce0                DMATCD18_Handler
                0x00400ce0                MU_A_0_Handler
                0x00400ce0                MU_A_1_Handler
                0x00400ce0                DMATCD31_Handler
                0x00400ce0                SAI0_Handler
                0x00400ce0                MU_B_2_Handler
                0x00400ce0                SIUL_0_Handler
                0x00400ce0                MU_B_0_Handler
                0x00400ce0                JDC_Handler
                0x00400ce0                DMATCD27_Handler
                0x00400ce0                LPUART11_Handler
                0x00400ce0                FlexCAN0_2_Handler
                0x00400ce0                DMATCD14_Handler
                0x00400ce0                HSE_B_5_Handler
                0x00400ce0                EMIOS2_7_Handler
                0x00400ce0                DMATCD6_Handler
                0x00400ce0                DMATCD17_Handler
                0x00400ce0                LPI2C0_Handler
                0x00400ce0                LPUART2_Handler
                0x00400ce0                ERM_1_Handler
                0x00400ce0                LPUART7_Handler
                0x00400ce0                FlexCAN2_0_Handler
                0x00400ce0                DMATCD29_Handler
                0x00400ce0                LPSPI5_Handler
                0x00400ce0                EMIOS2_3_Handler
                0x00400ce0                DMATCD25_Handler
                0x00400ce0                LPSPI4_Handler
                0x00400ce0                LPSPI0_Handler
                0x00400ce0                FlexCAN1_0_Handler
                0x00400ce0                MU_B_1_Handler
                0x00400ce0                EMIOS2_2_Handler
                0x00400ce0                INT3_Handler
                0x00400ce0                RGM_Handler
                0x00400ce0                FlexCAN2_2_Handler
                0x00400ce0                FLASH_2_Handler
                0x00400ce0                LPSPI1_Handler
                0x00400ce0                FlexCAN5_0_Handler
                0x00400ce0                ADC2_Handler
                0x00400ce0                EMIOS0_7_Handler
                0x00400ce0                ENET_0_Handler
                0x00400ce0                FlexCAN1_2_Handler
                0x00400ce0                LPCMP2_Handler
                0x00400ce0                DMATCD3_Handler
                0x00400ce0                SIUL_1_Handler
 *fill*         0x00400ce6        0x2 
 .text.SystemInit
                0x00400ce8       0x28 ./src/target/m7/S32DS/Startup_Code/system_ARMCM7.o
                0x00400ce8                SystemInit
 .text.sys_enableAllInterrupts
                0x00400d10        0xe ./src/target/m7/src/sys_init.o
                0x00400d10                sys_enableAllInterrupts
 .text.sys_disableAllInterrupts
                0x00400d1e        0xe ./src/target/m7/src/sys_init.o
                0x00400d1e                sys_disableAllInterrupts
 .text.NMI_Handler
                0x00400d2c        0x6 ./src/target/m7/src/sys_init.o
                0x00400d2c                NMI_Handler
 .text.HardFault_Handler
                0x00400d32        0x6 ./src/target/m7/src/sys_init.o
                0x00400d32                HardFault_Handler
 .text.MemManage_Handler
                0x00400d38        0x6 ./src/target/m7/src/sys_init.o
                0x00400d38                MemManage_Handler
 .text.BusFault_Handler
                0x00400d3e        0x6 ./src/target/m7/src/sys_init.o
                0x00400d3e                BusFault_Handler
 .text.UsageFault_Handler
                0x00400d44        0x6 ./src/target/m7/src/sys_init.o
                0x00400d44                UsageFault_Handler
 .text.SVC_Handler
                0x00400d4a        0x6 ./src/target/m7/src/sys_init.o
                0x00400d4a                SVC_Handler
 .text.DebugMon_Handler
                0x00400d50        0x6 ./src/target/m7/src/sys_init.o
                0x00400d50                DebugMon_Handler
 .text.PendSV_Handler
                0x00400d56        0x6 ./src/target/m7/src/sys_init.o
                0x00400d56                PendSV_Handler
 .text.SysTick_Handler
                0x00400d5c        0x6 ./src/target/m7/src/sys_init.o
                0x00400d5c                SysTick_Handler
 *fill*         0x00400d62        0x2 
 .text.exit     0x00400d64       0x20 c:/nxp/s32ds.3.5/s32ds/build_tools/gcc_v10.2/gcc-10.2-arm32-eabi/bin/../lib/gcc/arm-none-eabi/10.2.0/../../../../arm-none-eabi/lib/thumb/v7e-m/nofp\libc.a(lib_a-exit.o)
                0x00400d64                exit
 .text.__libc_init_array
                0x00400d84       0x48 c:/nxp/s32ds.3.5/s32ds/build_tools/gcc_v10.2/gcc-10.2-arm32-eabi/bin/../lib/gcc/arm-none-eabi/10.2.0/../../../../arm-none-eabi/lib/thumb/v7e-m/nofp\libc.a(lib_a-init.o)
                0x00400d84                __libc_init_array
 .text.memset   0x00400dcc       0x10 c:/nxp/s32ds.3.5/s32ds/build_tools/gcc_v10.2/gcc-10.2-arm32-eabi/bin/../lib/gcc/arm-none-eabi/10.2.0/../../../../arm-none-eabi/lib/thumb/v7e-m/nofp\libc.a(lib_a-memset.o)
                0x00400dcc                memset
 .text.startup.register_fini
                0x00400ddc       0x14 c:/nxp/s32ds.3.5/s32ds/build_tools/gcc_v10.2/gcc-10.2-arm32-eabi/bin/../lib/gcc/arm-none-eabi/10.2.0/../../../../arm-none-eabi/lib/thumb/v7e-m/nofp\libc.a(lib_a-__call_atexit.o)
 .text.__call_exitprocs
                0x00400df0       0xa4 c:/nxp/s32ds.3.5/s32ds/build_tools/gcc_v10.2/gcc-10.2-arm32-eabi/bin/../lib/gcc/arm-none-eabi/10.2.0/../../../../arm-none-eabi/lib/thumb/v7e-m/nofp\libc.a(lib_a-__call_atexit.o)
                0x00400df0                __call_exitprocs
 .text.__libc_fini_array
                0x00400e94       0x28 c:/nxp/s32ds.3.5/s32ds/build_tools/gcc_v10.2/gcc-10.2-arm32-eabi/bin/../lib/gcc/arm-none-eabi/10.2.0/../../../../arm-none-eabi/lib/thumb/v7e-m/nofp\libc.a(lib_a-fini.o)
                0x00400e94                __libc_fini_array
 .text.atexit   0x00400ebc        0xc c:/nxp/s32ds.3.5/s32ds/build_tools/gcc_v10.2/gcc-10.2-arm32-eabi/bin/../lib/gcc/arm-none-eabi/10.2.0/../../../../arm-none-eabi/lib/thumb/v7e-m/nofp\libc.a(lib_a-atexit.o)
                0x00400ebc                atexit
 .text.__register_exitproc
                0x00400ec8       0x64 c:/nxp/s32ds.3.5/s32ds/build_tools/gcc_v10.2/gcc-10.2-arm32-eabi/bin/../lib/gcc/arm-none-eabi/10.2.0/../../../../arm-none-eabi/lib/thumb/v7e-m/nofp\libc.a(lib_a-__atexit.o)
                0x00400ec8                __register_exitproc
 .text._exit    0x00400f2c        0x2 c:/nxp/s32ds.3.5/s32ds/build_tools/gcc_v10.2/gcc-10.2-arm32-eabi/bin/../lib/gcc/arm-none-eabi/10.2.0/../../../../arm-none-eabi/lib/thumb/v7e-m/nofp\libnosys.a(_exit.o)
                0x00400f2c                _exit
 *(.init)
 *fill*         0x00400f2e        0x2 
 .init          0x00400f30        0x4 c:/nxp/s32ds.3.5/s32ds/build_tools/gcc_v10.2/gcc-10.2-arm32-eabi/bin/../lib/gcc/arm-none-eabi/10.2.0/thumb/v7e-m/nofp/crti.o
                0x00400f30                _init
 .init          0x00400f34        0x8 c:/nxp/s32ds.3.5/s32ds/build_tools/gcc_v10.2/gcc-10.2-arm32-eabi/bin/../lib/gcc/arm-none-eabi/10.2.0/thumb/v7e-m/nofp/crtn.o
 *(.fini)
 .fini          0x00400f3c        0x4 c:/nxp/s32ds.3.5/s32ds/build_tools/gcc_v10.2/gcc-10.2-arm32-eabi/bin/../lib/gcc/arm-none-eabi/10.2.0/thumb/v7e-m/nofp/crti.o
                0x00400f3c                _fini
 .fini          0x00400f40        0x8 c:/nxp/s32ds.3.5/s32ds/build_tools/gcc_v10.2/gcc-10.2-arm32-eabi/bin/../lib/gcc/arm-none-eabi/10.2.0/thumb/v7e-m/nofp/crtn.o
 *crtbegin.o(.ctors)
 *crtbegin?.o(.ctors)
 *(EXCLUDE_FILE(*crtend.o *crtend?.o) .ctors)
 *(SORT_BY_NAME(.ctors.*))
 *(.ctors)
 *crtbegin.o(.dtors)
 *crtbegin?.o(.dtors)
 *(EXCLUDE_FILE(*crtend.o *crtend?.o) .dtors)
 *(SORT_BY_NAME(.dtors.*))
 *(.dtors)
 *(.rodata*)
 .rodata.gHseSrvDesc
                0x00400f48        0x8 ./framework/host_hse/hse_host.o
                0x00400f48                gHseSrvDesc
 .rodata.gSyncTxOption
                0x00400f50        0xc ./framework/host_hse/hse_host.o
                0x00400f50                gSyncTxOption
 .rodata.lc_config
                0x00400f5c        0x4 ./src/target/m7/S32DS/Startup_Code/boot_header.o
                0x00400f5c                lc_config
 .rodata.xrdc_config
                0x00400f60      0x110 ./src/target/m7/S32DS/Startup_Code/boot_header.o
                0x00400f60                xrdc_config
 .rodata._global_impure_ptr
                0x00401070        0x4 c:/nxp/s32ds.3.5/s32ds/build_tools/gcc_v10.2/gcc-10.2-arm32-eabi/bin/../lib/gcc/arm-none-eabi/10.2.0/../../../../arm-none-eabi/lib/thumb/v7e-m/nofp\libc.a(lib_a-impure.o)
                0x00401070                _global_impure_ptr
 *(.eh_frame*)
 .eh_frame      0x00401074        0x0 c:/nxp/s32ds.3.5/s32ds/build_tools/gcc_v10.2/gcc-10.2-arm32-eabi/bin/../lib/gcc/arm-none-eabi/10.2.0/thumb/v7e-m/nofp/crtbegin.o
 .eh_frame      0x00401074        0x4 c:/nxp/s32ds.3.5/s32ds/build_tools/gcc_v10.2/gcc-10.2-arm32-eabi/bin/../lib/gcc/arm-none-eabi/10.2.0/thumb/v7e-m/nofp/crtend.o

.glue_7         0x00401078        0x0
 .glue_7        0x00401078        0x0 linker stubs

.glue_7t        0x00401078        0x0
 .glue_7t       0x00401078        0x0 linker stubs

.vfp11_veneer   0x00401078        0x0
 .vfp11_veneer  0x00401078        0x0 linker stubs

.v4_bx          0x00401078        0x0
 .v4_bx         0x00401078        0x0 linker stubs

.iplt           0x00401078        0x0
 .iplt          0x00401078        0x0 c:/nxp/s32ds.3.5/s32ds/build_tools/gcc_v10.2/gcc-10.2-arm32-eabi/bin/../lib/gcc/arm-none-eabi/10.2.0/thumb/v7e-m/nofp/crtbegin.o

.ARM.extab
 *(.ARM.extab* .gnu.linkonce.armextab.*)
                0x00401078                __exidx_start = .

.ARM.exidx      0x00401078        0x8
 *(.ARM.exidx* .gnu.linkonce.armexidx.*)
 .ARM.exidx     0x00401078        0x8 c:/nxp/s32ds.3.5/s32ds/build_tools/gcc_v10.2/gcc-10.2-arm32-eabi/bin/../lib/gcc/arm-none-eabi/10.2.0/../../../../arm-none-eabi/lib/thumb/v7e-m/nofp/crt0.o
                                 0x10 (size before relaxing)
                0x00401080                __exidx_end = .

.ecc.table      0x00401080       0x60
                0x00401080                . = ALIGN (0x4)
                0x00401080                __ecc_table_start__ = .
                0x00401080        0x8 QUAD 0x20408000 __data_start__
                0x00401088        0x8 QUAD 0x8c ((__data_end__ - __data_start__) / 0x8)
                0x00401090        0x8 QUAD 0x20408460 __bss_start__
                0x00401098        0x8 QUAD 0x86 ((__bss_end__ - __bss_start__) / 0x8)
                0x004010a0        0x8 QUAD 0x20408890 __HeapTop
                0x004010a8        0x8 QUAD 0x200 ((__HeapLimit - __HeapTop) / 0x8)
                0x004010b0        0x8 QUAD 0x2044f000 __StackLimit
                0x004010b8        0x8 QUAD 0x200 ((__StackTop - __StackLimit) / 0x8)
                0x004010c0        0x8 QUAD 0x0 ORIGIN (ITCM)
                0x004010c8        0x8 QUAD 0x2000 (LENGTH (ITCM) / 0x8)
                0x004010d0        0x8 QUAD 0x20000000 ORIGIN (DTCM)
                0x004010d8        0x8 QUAD 0x4000 (LENGTH (DTCM) / 0x8)
                0x004010e0                __ecc_table_end__ = .

.copy.table     0x004010e0        0xc
                0x004010e0                . = ALIGN (0x4)
                0x004010e0                __copy_table_start__ = .
                0x004010e0        0x4 LONG 0x4010f0 __etext
                0x004010e4        0x4 LONG 0x20408000 __data_start__
                0x004010e8        0x4 LONG 0x118 ((__data_end__ - __data_start__) / 0x4)
                0x004010ec                __copy_table_end__ = .

.zero.table     0x004010ec        0x0
                0x004010ec                . = ALIGN (0x4)
                0x004010ec                __zero_table_start__ = .
                0x004010ec                __zero_table_end__ = .
                0x004010f0                __etext = ALIGN (0x8)

.AppBL          0x005040c0      0xd20
                0x005040c0                . = ALIGN (0x4)
                0x005040c0                __AppBL_start__ = .
 C:/NXP/S32K344_SecureBootBlinky.bin(.data)
 .data          0x005040c0      0xd20 C:/NXP/S32K344_SecureBootBlinky.bin
                0x005040c0                _binary_C__NXP_S32K344_SecureBootBlinky_bin_start
                0x00504de0                _binary_C__NXP_S32K344_SecureBootBlinky_bin_end
                0x00504de0                . = ALIGN (0x4)
                0x00504de0                __AppBL_end__ = .
                0x005040c0                __APPBL_START = ORIGIN (AppBL)
                0x00000d20                __APPBL_SIZE = (__AppBL_end__ - __AppBL_start__)

.boot_header    0x10000000      0x100
 *(.boot_header)
 .boot_header   0x10000000      0x100 ./src/target/m7/S32DS/Startup_Code/boot_header.o
                0x10000000                boot_header

.rel.dyn        0x10000100        0x0
 .rel.iplt      0x10000100        0x0 c:/nxp/s32ds.3.5/s32ds/build_tools/gcc_v10.2/gcc-10.2-arm32-eabi/bin/../lib/gcc/arm-none-eabi/10.2.0/thumb/v7e-m/nofp/crtbegin.o

.standby_ram
 *(.standby_ram)

.data           0x20408000      0x460 load address 0x004010f0
                0x20408000                . = ALIGN (0x8)
                0x20408000                __data_start__ = .
 *(vtable)
 *(.data)
 *(.data.*)
 .data.u32BaseAddr
                0x20408000        0x8 ./drivers/mu/hse_mu.o
                0x20408000                u32BaseAddr
 .data.u8ChannelRef
                0x20408008        0x2 ./framework/host_hse/hse_host.o
 *fill*         0x2040800a        0x2 
 .data.temp_addr_of_app_image
                0x2040800c       0x20 ./src/main.o
                0x2040800c                temp_addr_of_app_image
 .data.pAppBL   0x2040802c        0x4 ./src/main.o
                0x2040802c                pAppBL
 .data.AppBL_codeLength
                0x20408030        0x4 ./src/main.o
                0x20408030                AppBL_codeLength
 .data.SystemCoreClock
                0x20408034        0x4 ./src/target/m7/S32DS/Startup_Code/system_ARMCM7.o
                0x20408034                SystemCoreClock
 .data.impure_data
                0x20408038      0x418 c:/nxp/s32ds.3.5/s32ds/build_tools/gcc_v10.2/gcc-10.2-arm32-eabi/bin/../lib/gcc/arm-none-eabi/10.2.0/../../../../arm-none-eabi/lib/thumb/v7e-m/nofp\libc.a(lib_a-impure.o)
                0x20408450                . = ALIGN (0x4)
                0x20408450                PROVIDE (__preinit_array_start = .)
 *(.preinit_array)
                0x20408450                PROVIDE (__preinit_array_end = .)
                0x20408450                . = ALIGN (0x4)
                0x20408450                PROVIDE (__init_array_start = .)
 *(SORT_BY_NAME(.init_array.*))
 .init_array.00000
                0x20408450        0x4 c:/nxp/s32ds.3.5/s32ds/build_tools/gcc_v10.2/gcc-10.2-arm32-eabi/bin/../lib/gcc/arm-none-eabi/10.2.0/../../../../arm-none-eabi/lib/thumb/v7e-m/nofp\libc.a(lib_a-__call_atexit.o)
 *(.init_array)
 .init_array    0x20408454        0x4 c:/nxp/s32ds.3.5/s32ds/build_tools/gcc_v10.2/gcc-10.2-arm32-eabi/bin/../lib/gcc/arm-none-eabi/10.2.0/thumb/v7e-m/nofp/crtbegin.o
                0x20408458                PROVIDE (__init_array_end = .)
                0x20408458                . = ALIGN (0x4)
                0x20408458                PROVIDE (__fini_array_start = .)
 *(SORT_BY_NAME(.fini_array.*))
 *(.fini_array)
 .fini_array    0x20408458        0x4 c:/nxp/s32ds.3.5/s32ds/build_tools/gcc_v10.2/gcc-10.2-arm32-eabi/bin/../lib/gcc/arm-none-eabi/10.2.0/thumb/v7e-m/nofp/crtbegin.o
                0x2040845c                PROVIDE (__fini_array_end = .)
 *(.jcr*)
                0x20408460                . = ALIGN (0x8)
 *fill*         0x2040845c        0x4 
                0x20408460                __data_end__ = .

.tm_clone_table
                0x20408460        0x0 load address 0x00401550
 .tm_clone_table
                0x20408460        0x0 c:/nxp/s32ds.3.5/s32ds/build_tools/gcc_v10.2/gcc-10.2-arm32-eabi/bin/../lib/gcc/arm-none-eabi/10.2.0/thumb/v7e-m/nofp/crtbegin.o
 .tm_clone_table
                0x20408460        0x0 c:/nxp/s32ds.3.5/s32ds/build_tools/gcc_v10.2/gcc-10.2-arm32-eabi/bin/../lib/gcc/arm-none-eabi/10.2.0/thumb/v7e-m/nofp/crtend.o

.igot.plt       0x20408460        0x0 load address 0x00401550
 .igot.plt      0x20408460        0x0 c:/nxp/s32ds.3.5/s32ds/build_tools/gcc_v10.2/gcc-10.2-arm32-eabi/bin/../lib/gcc/arm-none-eabi/10.2.0/thumb/v7e-m/nofp/crtbegin.o

.bss            0x20408460      0x430 load address 0x00401550
                0x20408460                . = ALIGN (0x8)
                0x20408460                __bss_start__ = .
 *(.bss)
 .bss           0x20408460       0x1c c:/nxp/s32ds.3.5/s32ds/build_tools/gcc_v10.2/gcc-10.2-arm32-eabi/bin/../lib/gcc/arm-none-eabi/10.2.0/thumb/v7e-m/nofp/crtbegin.o
 *(.bss.*)
 .bss.muRxEnabledInterruptMask
                0x2040847c        0x8 ./drivers/mu/hse_mu.o
                0x2040847c                muRxEnabledInterruptMask
 .bss.hseCallbackInfo
                0x20408484       0x60 ./framework/host_hse/hse_host.o
 .bss.hseBusyChannel
                0x204084e4        0x8 ./framework/host_hse/hse_host.o
 .bss.hseSrvDescMu
                0x204084ec      0x380 ./framework/host_hse/hse_host.o
 .bss.programmed_appdebugkey
                0x2040886c       0x10 ./services/src/fw_attribute/otp/hse_debug_key.o
                0x2040886c                programmed_appdebugkey
 .bss.adkp_hash
                0x2040887c       0x10 ./services/src/fw_attribute/otp/hse_debug_key.o
                0x2040887c                adkp_hash
 *(COMMON)
                0x20408890                . = ALIGN (0x8)
 *fill*         0x2040888c        0x4 
                0x20408890                __bss_end__ = .

.heap           0x20408890     0x1000
                0x20408890                . = ALIGN (0x8)
                0x20408890                __HeapTop = .
                0x20408890                __end__ = .
                0x20408890                _end = .
                [!provide]                PROVIDE (end = .)
                0x20409890                . = (. + __HEAP_SIZE)
 *fill*         0x20408890     0x1000 
                0x20409890                . = ALIGN (0x8)
                0x20409890                __HeapLimit = .

.stack          0x2044f000     0x1000
                0x2044f000                . = ALIGN (0x8)
                0x2044f000                __StackLimit = .
                0x20450000                . = (. + __STACK_SIZE)
 *fill*         0x2044f000     0x1000 
                0x20450000                . = ALIGN (0x8)
                0x20450000                __StackTop = .
                0x20450000                PROVIDE (__stack = __StackTop)
                0x00000001                ASSERT ((__StackLimit >= __HeapLimit), region RAM overflowed with stack)
                0x00400000                CM7_START_ADDRESS = ORIGIN (PFLASH)
                0x20400000                __STDBYRAM_START = ORIGIN (SRAM0_STDBY)
                0x00008000                __STDBYRAM_SIZE = LENGTH (SRAM0_STDBY)
OUTPUT(S32K344_Baremetal_SecureBoot.elf default)
LOAD linker stubs

.ARM.attributes
                0x00000000       0x2a
 .ARM.attributes
                0x00000000       0x1e c:/nxp/s32ds.3.5/s32ds/build_tools/gcc_v10.2/gcc-10.2-arm32-eabi/bin/../lib/gcc/arm-none-eabi/10.2.0/thumb/v7e-m/nofp/crti.o
 .ARM.attributes
                0x0000001e       0x2e c:/nxp/s32ds.3.5/s32ds/build_tools/gcc_v10.2/gcc-10.2-arm32-eabi/bin/../lib/gcc/arm-none-eabi/10.2.0/thumb/v7e-m/nofp/crtbegin.o
 .ARM.attributes
                0x0000004c       0x1c c:/nxp/s32ds.3.5/s32ds/build_tools/gcc_v10.2/gcc-10.2-arm32-eabi/bin/../lib/gcc/arm-none-eabi/10.2.0/../../../../arm-none-eabi/lib/thumb/v7e-m/nofp/crt0.o
 .ARM.attributes
                0x00000068       0x2e ./drivers/mu/hse_mu.o
 .ARM.attributes
                0x00000096       0x2e ./framework/host_hse/hse_host.o
 .ARM.attributes
                0x000000c4       0x2e ./services/src/fw_attribute/otp/hse_debug_key.o
 .ARM.attributes
                0x000000f2       0x2e ./services/src/hse_demo_app_config.o
 .ARM.attributes
                0x00000120       0x2e ./services/src/secure_boot/hse_host_boot.o
 .ARM.attributes
                0x0000014e       0x2e ./src/Flash/flash.o
 .ARM.attributes
                0x0000017c       0x2e ./src/main.o
 .ARM.attributes
                0x000001aa       0x33 ./src/target/m7/S32DS/Startup_Code/boot_header.o
 .ARM.attributes
                0x000001dd       0x2e ./src/target/m7/S32DS/Startup_Code/startup_ARMCM7.o
 .ARM.attributes
                0x0000020b       0x2e ./src/target/m7/S32DS/Startup_Code/system_ARMCM7.o
 .ARM.attributes
                0x00000239       0x2e ./src/target/m7/src/sys_init.o
 .ARM.attributes
                0x00000267       0x2e c:/nxp/s32ds.3.5/s32ds/build_tools/gcc_v10.2/gcc-10.2-arm32-eabi/bin/../lib/gcc/arm-none-eabi/10.2.0/../../../../arm-none-eabi/lib/thumb/v7e-m/nofp\libc.a(lib_a-exit.o)
 .ARM.attributes
                0x00000295       0x2e c:/nxp/s32ds.3.5/s32ds/build_tools/gcc_v10.2/gcc-10.2-arm32-eabi/bin/../lib/gcc/arm-none-eabi/10.2.0/../../../../arm-none-eabi/lib/thumb/v7e-m/nofp\libc.a(lib_a-impure.o)
 .ARM.attributes
                0x000002c3       0x2e c:/nxp/s32ds.3.5/s32ds/build_tools/gcc_v10.2/gcc-10.2-arm32-eabi/bin/../lib/gcc/arm-none-eabi/10.2.0/../../../../arm-none-eabi/lib/thumb/v7e-m/nofp\libc.a(lib_a-init.o)
 .ARM.attributes
                0x000002f1       0x2e c:/nxp/s32ds.3.5/s32ds/build_tools/gcc_v10.2/gcc-10.2-arm32-eabi/bin/../lib/gcc/arm-none-eabi/10.2.0/../../../../arm-none-eabi/lib/thumb/v7e-m/nofp\libc.a(lib_a-memset.o)
 .ARM.attributes
                0x0000031f       0x2e c:/nxp/s32ds.3.5/s32ds/build_tools/gcc_v10.2/gcc-10.2-arm32-eabi/bin/../lib/gcc/arm-none-eabi/10.2.0/../../../../arm-none-eabi/lib/thumb/v7e-m/nofp\libc.a(lib_a-__call_atexit.o)
 .ARM.attributes
                0x0000034d       0x2e c:/nxp/s32ds.3.5/s32ds/build_tools/gcc_v10.2/gcc-10.2-arm32-eabi/bin/../lib/gcc/arm-none-eabi/10.2.0/../../../../arm-none-eabi/lib/thumb/v7e-m/nofp\libc.a(lib_a-fini.o)
 .ARM.attributes
                0x0000037b       0x2e c:/nxp/s32ds.3.5/s32ds/build_tools/gcc_v10.2/gcc-10.2-arm32-eabi/bin/../lib/gcc/arm-none-eabi/10.2.0/../../../../arm-none-eabi/lib/thumb/v7e-m/nofp\libc.a(lib_a-atexit.o)
 .ARM.attributes
                0x000003a9       0x2e c:/nxp/s32ds.3.5/s32ds/build_tools/gcc_v10.2/gcc-10.2-arm32-eabi/bin/../lib/gcc/arm-none-eabi/10.2.0/../../../../arm-none-eabi/lib/thumb/v7e-m/nofp\libc.a(lib_a-__atexit.o)
 .ARM.attributes
                0x000003d7       0x2e c:/nxp/s32ds.3.5/s32ds/build_tools/gcc_v10.2/gcc-10.2-arm32-eabi/bin/../lib/gcc/arm-none-eabi/10.2.0/../../../../arm-none-eabi/lib/thumb/v7e-m/nofp\libnosys.a(_exit.o)
 .ARM.attributes
                0x00000405       0x2e c:/nxp/s32ds.3.5/s32ds/build_tools/gcc_v10.2/gcc-10.2-arm32-eabi/bin/../lib/gcc/arm-none-eabi/10.2.0/thumb/v7e-m/nofp/crtend.o
 .ARM.attributes
                0x00000433       0x1e c:/nxp/s32ds.3.5/s32ds/build_tools/gcc_v10.2/gcc-10.2-arm32-eabi/bin/../lib/gcc/arm-none-eabi/10.2.0/thumb/v7e-m/nofp/crtn.o

.comment        0x00000000       0x88
 .comment       0x00000000       0x88 c:/nxp/s32ds.3.5/s32ds/build_tools/gcc_v10.2/gcc-10.2-arm32-eabi/bin/../lib/gcc/arm-none-eabi/10.2.0/thumb/v7e-m/nofp/crtbegin.o
                                 0x89 (size before relaxing)
 .comment       0x00000088       0x89 ./drivers/mu/hse_mu.o
 .comment       0x00000088       0x89 ./framework/host_hse/hse_host.o
 .comment       0x00000088       0x89 ./services/src/fw_attribute/otp/hse_debug_key.o
 .comment       0x00000088       0x89 ./services/src/hse_demo_app_config.o
 .comment       0x00000088       0x89 ./services/src/secure_boot/hse_host_boot.o
 .comment       0x00000088       0x89 ./src/Flash/flash.o
 .comment       0x00000088       0x89 ./src/main.o
 .comment       0x00000088       0x89 ./src/target/m7/S32DS/Startup_Code/boot_header.o
 .comment       0x00000088       0x89 ./src/target/m7/S32DS/Startup_Code/startup_ARMCM7.o
 .comment       0x00000088       0x89 ./src/target/m7/S32DS/Startup_Code/system_ARMCM7.o
 .comment       0x00000088       0x89 ./src/target/m7/src/sys_init.o
 .comment       0x00000088       0x89 c:/nxp/s32ds.3.5/s32ds/build_tools/gcc_v10.2/gcc-10.2-arm32-eabi/bin/../lib/gcc/arm-none-eabi/10.2.0/../../../../arm-none-eabi/lib/thumb/v7e-m/nofp\libc.a(lib_a-exit.o)
 .comment       0x00000088       0x89 c:/nxp/s32ds.3.5/s32ds/build_tools/gcc_v10.2/gcc-10.2-arm32-eabi/bin/../lib/gcc/arm-none-eabi/10.2.0/../../../../arm-none-eabi/lib/thumb/v7e-m/nofp\libc.a(lib_a-impure.o)
 .comment       0x00000088       0x89 c:/nxp/s32ds.3.5/s32ds/build_tools/gcc_v10.2/gcc-10.2-arm32-eabi/bin/../lib/gcc/arm-none-eabi/10.2.0/../../../../arm-none-eabi/lib/thumb/v7e-m/nofp\libc.a(lib_a-init.o)
 .comment       0x00000088       0x89 c:/nxp/s32ds.3.5/s32ds/build_tools/gcc_v10.2/gcc-10.2-arm32-eabi/bin/../lib/gcc/arm-none-eabi/10.2.0/../../../../arm-none-eabi/lib/thumb/v7e-m/nofp\libc.a(lib_a-memset.o)
 .comment       0x00000088       0x89 c:/nxp/s32ds.3.5/s32ds/build_tools/gcc_v10.2/gcc-10.2-arm32-eabi/bin/../lib/gcc/arm-none-eabi/10.2.0/../../../../arm-none-eabi/lib/thumb/v7e-m/nofp\libc.a(lib_a-__call_atexit.o)
 .comment       0x00000088       0x89 c:/nxp/s32ds.3.5/s32ds/build_tools/gcc_v10.2/gcc-10.2-arm32-eabi/bin/../lib/gcc/arm-none-eabi/10.2.0/../../../../arm-none-eabi/lib/thumb/v7e-m/nofp\libc.a(lib_a-fini.o)
 .comment       0x00000088       0x89 c:/nxp/s32ds.3.5/s32ds/build_tools/gcc_v10.2/gcc-10.2-arm32-eabi/bin/../lib/gcc/arm-none-eabi/10.2.0/../../../../arm-none-eabi/lib/thumb/v7e-m/nofp\libc.a(lib_a-atexit.o)
 .comment       0x00000088       0x89 c:/nxp/s32ds.3.5/s32ds/build_tools/gcc_v10.2/gcc-10.2-arm32-eabi/bin/../lib/gcc/arm-none-eabi/10.2.0/../../../../arm-none-eabi/lib/thumb/v7e-m/nofp\libc.a(lib_a-__atexit.o)
 .comment       0x00000088       0x89 c:/nxp/s32ds.3.5/s32ds/build_tools/gcc_v10.2/gcc-10.2-arm32-eabi/bin/../lib/gcc/arm-none-eabi/10.2.0/../../../../arm-none-eabi/lib/thumb/v7e-m/nofp\libnosys.a(_exit.o)
 .comment       0x00000088       0x89 c:/nxp/s32ds.3.5/s32ds/build_tools/gcc_v10.2/gcc-10.2-arm32-eabi/bin/../lib/gcc/arm-none-eabi/10.2.0/thumb/v7e-m/nofp/crtend.o

.debug_line     0x00000000     0x6b33
 .debug_line    0x00000000       0x93 c:/nxp/s32ds.3.5/s32ds/build_tools/gcc_v10.2/gcc-10.2-arm32-eabi/bin/../lib/gcc/arm-none-eabi/10.2.0/../../../../arm-none-eabi/lib/thumb/v7e-m/nofp/crt0.o
 .debug_line    0x00000093      0x910 ./drivers/mu/hse_mu.o
 .debug_line    0x000009a3      0xb46 ./framework/host_hse/hse_host.o
 .debug_line    0x000014e9      0xd37 ./services/src/fw_attribute/otp/hse_debug_key.o
 .debug_line    0x00002220      0xc35 ./services/src/hse_demo_app_config.o
 .debug_line    0x00002e55      0xcd7 ./services/src/secure_boot/hse_host_boot.o
 .debug_line    0x00003b2c      0x530 ./src/Flash/flash.o
 .debug_line    0x0000405c     0x11c2 ./src/main.o
 .debug_line    0x0000521e      0x29d ./src/target/m7/S32DS/Startup_Code/boot_header.o
 .debug_line    0x000054bb      0x8ac ./src/target/m7/S32DS/Startup_Code/startup_ARMCM7.o
 .debug_line    0x00005d67      0x354 ./src/target/m7/S32DS/Startup_Code/system_ARMCM7.o
 .debug_line    0x000060bb      0xa78 ./src/target/m7/src/sys_init.o

.debug_info     0x00000000    0x10253
 .debug_info    0x00000000       0x26 c:/nxp/s32ds.3.5/s32ds/build_tools/gcc_v10.2/gcc-10.2-arm32-eabi/bin/../lib/gcc/arm-none-eabi/10.2.0/../../../../arm-none-eabi/lib/thumb/v7e-m/nofp/crt0.o
 .debug_info    0x00000026      0x4fd ./drivers/mu/hse_mu.o
 .debug_info    0x00000523     0x276c ./framework/host_hse/hse_host.o
 .debug_info    0x00002c8f      0x518 ./services/src/fw_attribute/otp/hse_debug_key.o
 .debug_info    0x000031a7     0x26f6 ./services/src/hse_demo_app_config.o
 .debug_info    0x0000589d     0x2957 ./services/src/secure_boot/hse_host_boot.o
 .debug_info    0x000081f4      0xc03 ./src/Flash/flash.o
 .debug_info    0x00008df7      0x4a9 ./src/main.o
 .debug_info    0x000092a0      0x2f5 ./src/target/m7/S32DS/Startup_Code/boot_header.o
 .debug_info    0x00009595      0x4cb ./src/target/m7/S32DS/Startup_Code/startup_ARMCM7.o
 .debug_info    0x00009a60      0x489 ./src/target/m7/S32DS/Startup_Code/system_ARMCM7.o
 .debug_info    0x00009ee9     0x636a ./src/target/m7/src/sys_init.o

.debug_abbrev   0x00000000     0x124b
 .debug_abbrev  0x00000000       0x14 c:/nxp/s32ds.3.5/s32ds/build_tools/gcc_v10.2/gcc-10.2-arm32-eabi/bin/../lib/gcc/arm-none-eabi/10.2.0/../../../../arm-none-eabi/lib/thumb/v7e-m/nofp/crt0.o
 .debug_abbrev  0x00000014      0x170 ./drivers/mu/hse_mu.o
 .debug_abbrev  0x00000184      0x250 ./framework/host_hse/hse_host.o
 .debug_abbrev  0x000003d4      0x198 ./services/src/fw_attribute/otp/hse_debug_key.o
 .debug_abbrev  0x0000056c      0x243 ./services/src/hse_demo_app_config.o
 .debug_abbrev  0x000007af      0x1cb ./services/src/secure_boot/hse_host_boot.o
 .debug_abbrev  0x0000097a      0x1af ./src/Flash/flash.o
 .debug_abbrev  0x00000b29      0x125 ./src/main.o
 .debug_abbrev  0x00000c4e       0xb1 ./src/target/m7/S32DS/Startup_Code/boot_header.o
 .debug_abbrev  0x00000cff      0x1f9 ./src/target/m7/S32DS/Startup_Code/startup_ARMCM7.o
 .debug_abbrev  0x00000ef8       0xe9 ./src/target/m7/S32DS/Startup_Code/system_ARMCM7.o
 .debug_abbrev  0x00000fe1      0x26a ./src/target/m7/src/sys_init.o

.debug_str      0x00000000   0x24bbdb
 .debug_str     0x00000000       0xb9 c:/nxp/s32ds.3.5/s32ds/build_tools/gcc_v10.2/gcc-10.2-arm32-eabi/bin/../lib/gcc/arm-none-eabi/10.2.0/../../../../arm-none-eabi/lib/thumb/v7e-m/nofp/crt0.o
 .debug_str     0x000000b9     0xb3fc ./drivers/mu/hse_mu.o
                               0xb576 (size before relaxing)
 .debug_str     0x0000b4b5    0x4fe02 ./framework/host_hse/hse_host.o
                              0x5b136 (size before relaxing)
 .debug_str     0x0005b2b7     0x2682 ./services/src/fw_attribute/otp/hse_debug_key.o
                              0x102dc (size before relaxing)
 .debug_str     0x0005d939      0x5ea ./services/src/hse_demo_app_config.o
                              0x117cb (size before relaxing)
 .debug_str     0x0005df23     0x13b1 ./services/src/secure_boot/hse_host_boot.o
                              0x10f9c (size before relaxing)
 .debug_str     0x0005f2d4     0xd6cd ./src/Flash/flash.o
                              0x113fe (size before relaxing)
 .debug_str     0x0006c9a1   0x1d363e ./src/main.o
                             0x1f00aa (size before relaxing)
 .debug_str     0x0023ffdf      0x20b ./src/target/m7/S32DS/Startup_Code/boot_header.o
                               0x3eba (size before relaxing)
 .debug_str     0x002401ea     0x8106 ./src/target/m7/S32DS/Startup_Code/startup_ARMCM7.o
                             0x1ead83 (size before relaxing)
 .debug_str     0x002482f0      0x1df ./src/target/m7/S32DS/Startup_Code/system_ARMCM7.o
                               0xc0e3 (size before relaxing)
 .debug_str     0x002484cf     0x370c ./src/target/m7/src/sys_init.o
                              0x546e9 (size before relaxing)

.debug_aranges  0x00000000      0x370
 .debug_aranges
                0x00000000       0x78 ./drivers/mu/hse_mu.o
 .debug_aranges
                0x00000078       0x50 ./framework/host_hse/hse_host.o
 .debug_aranges
                0x000000c8       0x50 ./services/src/fw_attribute/otp/hse_debug_key.o
 .debug_aranges
                0x00000118       0x48 ./services/src/hse_demo_app_config.o
 .debug_aranges
                0x00000160       0x48 ./services/src/secure_boot/hse_host_boot.o
 .debug_aranges
                0x000001a8       0x48 ./src/Flash/flash.o
 .debug_aranges
                0x000001f0       0x20 ./src/main.o
 .debug_aranges
                0x00000210       0x18 ./src/target/m7/S32DS/Startup_Code/boot_header.o
 .debug_aranges
                0x00000228       0x28 ./src/target/m7/S32DS/Startup_Code/startup_ARMCM7.o
 .debug_aranges
                0x00000250       0x28 ./src/target/m7/S32DS/Startup_Code/system_ARMCM7.o
 .debug_aranges
                0x00000278       0xf8 ./src/target/m7/src/sys_init.o

.debug_ranges   0x00000000      0x2b8
 .debug_ranges  0x00000000       0x68 ./drivers/mu/hse_mu.o
 .debug_ranges  0x00000068       0x40 ./framework/host_hse/hse_host.o
 .debug_ranges  0x000000a8       0x40 ./services/src/fw_attribute/otp/hse_debug_key.o
 .debug_ranges  0x000000e8       0x38 ./services/src/hse_demo_app_config.o
 .debug_ranges  0x00000120       0x38 ./services/src/secure_boot/hse_host_boot.o
 .debug_ranges  0x00000158       0x38 ./src/Flash/flash.o
 .debug_ranges  0x00000190       0x10 ./src/main.o
 .debug_ranges  0x000001a0       0x18 ./src/target/m7/S32DS/Startup_Code/startup_ARMCM7.o
 .debug_ranges  0x000001b8       0x18 ./src/target/m7/S32DS/Startup_Code/system_ARMCM7.o
 .debug_ranges  0x000001d0       0xe8 ./src/target/m7/src/sys_init.o

.debug_macro    0x00000000    0x1b833
 .debug_macro   0x00000000      0x47a ./drivers/mu/hse_mu.o
 .debug_macro   0x0000047a       0x10 ./drivers/mu/hse_mu.o
 .debug_macro   0x0000048a      0x1a0 ./drivers/mu/hse_mu.o
 .debug_macro   0x0000062a       0x1d ./drivers/mu/hse_mu.o
 .debug_macro   0x00000647       0x10 ./drivers/mu/hse_mu.o
 .debug_macro   0x00000657       0x1c ./drivers/mu/hse_mu.o
 .debug_macro   0x00000673       0x10 ./drivers/mu/hse_mu.o
 .debug_macro   0x00000683       0x10 ./drivers/mu/hse_mu.o
 .debug_macro   0x00000693      0x337 ./drivers/mu/hse_mu.o
 .debug_macro   0x000009ca       0x4b ./drivers/mu/hse_mu.o
 .debug_macro   0x00000a15       0x10 ./drivers/mu/hse_mu.o
 .debug_macro   0x00000a25       0xa0 ./drivers/mu/hse_mu.o
 .debug_macro   0x00000ac5       0x10 ./drivers/mu/hse_mu.o
 .debug_macro   0x00000ad5       0x85 ./drivers/mu/hse_mu.o
 .debug_macro   0x00000b5a       0x10 ./drivers/mu/hse_mu.o
 .debug_macro   0x00000b6a       0x10 ./drivers/mu/hse_mu.o
 .debug_macro   0x00000b7a       0x1d ./drivers/mu/hse_mu.o
 .debug_macro   0x00000b97       0x10 ./drivers/mu/hse_mu.o
 .debug_macro   0x00000ba7       0x2f ./drivers/mu/hse_mu.o
 .debug_macro   0x00000bd6       0x10 ./drivers/mu/hse_mu.o
 .debug_macro   0x00000be6       0x10 ./drivers/mu/hse_mu.o
 .debug_macro   0x00000bf6       0x10 ./drivers/mu/hse_mu.o
 .debug_macro   0x00000c06       0x10 ./drivers/mu/hse_mu.o
 .debug_macro   0x00000c16       0x10 ./drivers/mu/hse_mu.o
 .debug_macro   0x00000c26       0x37 ./drivers/mu/hse_mu.o
 .debug_macro   0x00000c5d       0x10 ./drivers/mu/hse_mu.o
 .debug_macro   0x00000c6d       0xdd ./drivers/mu/hse_mu.o
 .debug_macro   0x00000d4a       0x10 ./drivers/mu/hse_mu.o
 .debug_macro   0x00000d5a       0x10 ./drivers/mu/hse_mu.o
 .debug_macro   0x00000d6a       0x10 ./drivers/mu/hse_mu.o
 .debug_macro   0x00000d7a       0x10 ./drivers/mu/hse_mu.o
 .debug_macro   0x00000d8a       0x10 ./drivers/mu/hse_mu.o
 .debug_macro   0x00000d9a       0x71 ./drivers/mu/hse_mu.o
 .debug_macro   0x00000e0b      0x15b ./drivers/mu/hse_mu.o
 .debug_macro   0x00000f66       0xac ./drivers/mu/hse_mu.o
 .debug_macro   0x00001012      0x594 ./framework/host_hse/hse_host.o
 .debug_macro   0x000015a6    0x10c0b ./framework/host_hse/hse_host.o
 .debug_macro   0x000121b1      0x5d7 ./services/src/fw_attribute/otp/hse_debug_key.o
 .debug_macro   0x00012788      0x594 ./services/src/hse_demo_app_config.o
 .debug_macro   0x00012d1c       0x2e ./services/src/hse_demo_app_config.o
 .debug_macro   0x00012d4a      0x5bb ./services/src/secure_boot/hse_host_boot.o
 .debug_macro   0x00013305       0xbd ./src/Flash/flash.o
 .debug_macro   0x000133c2       0x16 ./src/Flash/flash.o
 .debug_macro   0x000133d8       0x7c ./src/Flash/flash.o
 .debug_macro   0x00013454      0xc81 ./src/Flash/flash.o
 .debug_macro   0x000140d5       0x72 ./src/Flash/flash.o
 .debug_macro   0x00014147      0x88e ./src/main.o
 .debug_macro   0x000149d5       0x72 ./src/target/m7/S32DS/Startup_Code/boot_header.o
 .debug_macro   0x00014a47       0x10 ./src/target/m7/S32DS/Startup_Code/boot_header.o
 .debug_macro   0x00014a57      0x33d ./src/target/m7/S32DS/Startup_Code/startup_ARMCM7.o
 .debug_macro   0x00014d94       0x1c ./src/target/m7/S32DS/Startup_Code/startup_ARMCM7.o
 .debug_macro   0x00014db0       0x1c ./src/target/m7/S32DS/Startup_Code/startup_ARMCM7.o
 .debug_macro   0x00014dcc       0x22 ./src/target/m7/S32DS/Startup_Code/startup_ARMCM7.o
 .debug_macro   0x00014dee      0x116 ./src/target/m7/S32DS/Startup_Code/startup_ARMCM7.o
 .debug_macro   0x00014f04     0x1305 ./src/target/m7/S32DS/Startup_Code/startup_ARMCM7.o
 .debug_macro   0x00016209      0x11f ./src/target/m7/S32DS/Startup_Code/startup_ARMCM7.o
 .debug_macro   0x00016328       0x27 ./src/target/m7/S32DS/Startup_Code/startup_ARMCM7.o
 .debug_macro   0x0001634f     0x51ef ./src/target/m7/S32DS/Startup_Code/startup_ARMCM7.o
 .debug_macro   0x0001b53e       0xd6 ./src/target/m7/S32DS/Startup_Code/system_ARMCM7.o
 .debug_macro   0x0001b614      0x179 ./src/target/m7/src/sys_init.o
 .debug_macro   0x0001b78d       0xa6 ./src/target/m7/src/sys_init.o

.debug_frame    0x00000000      0xb2c
 .debug_frame   0x00000000      0x1f0 ./drivers/mu/hse_mu.o
 .debug_frame   0x000001f0      0x118 ./framework/host_hse/hse_host.o
 .debug_frame   0x00000308      0x108 ./services/src/fw_attribute/otp/hse_debug_key.o
 .debug_frame   0x00000410       0xdc ./services/src/hse_demo_app_config.o
 .debug_frame   0x000004ec       0xec ./services/src/secure_boot/hse_host_boot.o
 .debug_frame   0x000005d8      0x100 ./src/Flash/flash.o
 .debug_frame   0x000006d8       0x34 ./src/main.o
 .debug_frame   0x0000070c       0x38 ./src/target/m7/S32DS/Startup_Code/startup_ARMCM7.o
 .debug_frame   0x00000744       0x50 ./src/target/m7/S32DS/Startup_Code/system_ARMCM7.o
 .debug_frame   0x00000794      0x398 ./src/target/m7/src/sys_init.o
